 addon

 Timestamp is 597f2410 (Mon Jul 31 18:05:28 2017)

 Preferred load address is 0000000180000000

 Start         Length     Name                   Class
 0001:00000000 0000a1d0H .text$mn                CODE
 0001:0000a1d0 00000020H .text$mn$00             CODE
 0001:0000a1f0 00000240H .text$x                 CODE
 0002:00000000 000002e8H .idata$5                DATA
 0002:000002e8 00000010H .00cfg                  DATA
 0002:000002f8 00000008H .CRT$XCA                DATA
 0002:00000300 00000008H .CRT$XCU                DATA
 0002:00000308 00000008H .CRT$XCZ                DATA
 0002:00000310 00000008H .CRT$XIA                DATA
 0002:00000318 00000018H .CRT$XIC                DATA
 0002:00000330 00000008H .CRT$XIZ                DATA
 0002:00000338 00000008H .CRT$XPA                DATA
 0002:00000340 00000010H .CRT$XPX                DATA
 0002:00000350 00000008H .CRT$XPXA               DATA
 0002:00000358 00000008H .CRT$XPZ                DATA
 0002:00000360 00000008H .CRT$XTA                DATA
 0002:00000368 00000008H .CRT$XTZ                DATA
 0002:00000370 00000000H .gfids$y                DATA
 0002:00000370 00007090H .rdata                  DATA
 0002:00007400 000001f4H .rdata$r                DATA
 0002:000075f4 00000334H .rdata$zzzdbg           DATA
 0002:00007928 00000008H .rtc$IAA                DATA
 0002:00007930 00000008H .rtc$IZZ                DATA
 0002:00007938 00000008H .rtc$TAA                DATA
 0002:00007940 00000008H .rtc$TZZ                DATA
 0002:00007948 00000a88H .xdata                  DATA
 0002:000083d0 000000f0H .xdata$x                DATA
 0002:000084c0 00000050H .edata                  DATA
 0002:00008510 0000003cH .idata$2                DATA
 0002:0000854c 00000014H .idata$3                DATA
 0002:00008560 000002e8H .idata$4                DATA
 0002:00008848 00000b78H .idata$6                DATA
 0003:00000000 00000930H .data                   DATA
 0003:00000930 000000a0H .data$r                 DATA
 0003:000009d0 000011b0H .bss                    DATA
 0004:00000000 00000d2cH .pdata                  DATA
 0005:00000000 00000060H .rsrc$01                DATA
 0005:00000060 00000180H .rsrc$02                DATA

  Address         Publics by Value              Rva+Base               Lib:Object

 0000:00000000       __guard_iat_count          0000000000000000     <absolute>
 0000:00000000       __dynamic_value_reloc_table 0000000000000000     <absolute>
 0000:00000000       __guard_iat_table          0000000000000000     <absolute>
 0000:00000000       __guard_longjmp_table      0000000000000000     <absolute>
 0000:00000000       __guard_longjmp_count      0000000000000000     <absolute>
 0000:00000000       __guard_fids_count         0000000000000000     <absolute>
 0000:00000000       ___safe_se_handler_table   0000000000000000     <absolute>
 0000:00000000       ___safe_se_handler_count   0000000000000000     <absolute>
 0000:00000000       __guard_fids_table         0000000000000000     <absolute>
 0000:00000100       __guard_flags              0000000000000100     <absolute>
 0000:00000000       __ImageBase                0000000180000000     <linker-defined>
 0001:000000d0       ?New@?$Factory@VFunctionTemplate@v8@@@imp@Nan@@SA?AV?$Local@VFunctionTemplate@v8@@@v8@@P6AXAEBV?$FunctionCallbackInfo@VValue@v8@@@3@@ZV?$Local@VValue@v8@@@5@V?$Local@VSignature@v8@@@5@@Z 00000001800010d0 f i nanInterface.obj
 0001:00000250       ?Export@Nan@@YAXV?$Local@VObject@v8@@@v8@@PEBDP6AXAEBV?$FunctionCallbackInfo@VValue@v8@@@1@@Z@Z 0000000180001250 f i nanInterface.obj
 0001:000003a0       ?Add@@YAXAEBV?$FunctionCallbackInfo@VValue@v8@@@Nan@@@Z 00000001800013a0 f   nanInterface.obj
 0001:00000420       ?Initialize@@YAXV?$Local@VObject@v8@@@v8@@@Z 0000000180001420 f   nanInterface.obj
 0001:00000450       __security_check_cookie    0000000180001450 f   LIBCMT:_amdsecgs_.obj
 0001:00000474       ??2@YAPEAX_K@Z             0000000180001474 f   LIBCMT:new_scalar.obj
 0001:000007ec       _DllMainCRTStartup         00000001800017ec f   LIBCMT:dll_dllmain.obj
 0001:0000082c       __raise_securityfailure    000000018000182c f   LIBCMT:gs_report.obj
 0001:00000860       __report_gsfailure         0000000180001860 f   LIBCMT:gs_report.obj
 0001:00000934       __report_rangecheckfailure 0000000180001934 f   LIBCMT:gs_report.obj
 0001:00000948       __report_securityfailure   0000000180001948 f   LIBCMT:gs_report.obj
 0001:00000ac8       ??0bad_alloc@std@@QEAA@AEBV01@@Z 0000000180001ac8 f i LIBCMT:throw_bad_alloc.obj
 0001:00000b08       ??0bad_alloc@std@@QEAA@XZ  0000000180001b08 f i LIBCMT:throw_bad_alloc.obj
 0001:00000b28       ??0bad_array_new_length@std@@QEAA@AEBV01@@Z 0000000180001b28 f i LIBCMT:throw_bad_alloc.obj
 0001:00000b68       ??0bad_array_new_length@std@@QEAA@XZ 0000000180001b68 f i LIBCMT:throw_bad_alloc.obj
 0001:00000b88       ??0exception@std@@QEAA@AEBV01@@Z 0000000180001b88 f i LIBCMT:throw_bad_alloc.obj
 0001:00000bc0       ??1bad_array_new_length@std@@UEAA@XZ 0000000180001bc0 f i LIBCMT:throw_bad_alloc.obj
 0001:00000bc0       ??1bad_alloc@std@@UEAA@XZ  0000000180001bc0 f i LIBCMT:throw_bad_alloc.obj
 0001:00000bd4       ??_Eexception@std@@UEAAPEAXI@Z 0000000180001bd4 f i LIBCMT:throw_bad_alloc.obj
 0001:00000bd4       ??_Gbad_alloc@std@@UEAAPEAXI@Z 0000000180001bd4 f i LIBCMT:throw_bad_alloc.obj
 0001:00000bd4       ??_Ebad_array_new_length@std@@UEAAPEAXI@Z 0000000180001bd4 f i LIBCMT:throw_bad_alloc.obj
 0001:00000bd4       ??_Ebad_alloc@std@@UEAAPEAXI@Z 0000000180001bd4 f i LIBCMT:throw_bad_alloc.obj
 0001:00000bd4       ??_Gexception@std@@UEAAPEAXI@Z 0000000180001bd4 f i LIBCMT:throw_bad_alloc.obj
 0001:00000bd4       ??_Gbad_array_new_length@std@@UEAAPEAXI@Z 0000000180001bd4 f i LIBCMT:throw_bad_alloc.obj
 0001:00000c18       ?__scrt_throw_std_bad_alloc@@YAXXZ 0000000180001c18 f   LIBCMT:throw_bad_alloc.obj
 0001:00000c38       ?__scrt_throw_std_bad_array_new_length@@YAXXZ 0000000180001c38 f   LIBCMT:throw_bad_alloc.obj
 0001:00000c58       ?what@exception@std@@UEBAPEBDXZ 0000000180001c58 f i LIBCMT:throw_bad_alloc.obj
 0001:00000c6c       __security_init_cookie     0000000180001c6c f   LIBCMT:gs_support.obj
 0001:00000d18       _get_startup_argv_mode     0000000180001d18 f   LIBCMT:argv_mode.obj
 0001:00000d18       DllMain                    0000000180001d18 f   LIBCMT:dll_dllmain_stub.obj
 0001:00000d20       ?__scrt_initialize_type_info@@YAXXZ 0000000180001d20 f   LIBCMT:tncleanup.obj
 0001:00000d30       ?__scrt_uninitialize_type_info@@YAXXZ 0000000180001d30 f   LIBCMT:tncleanup.obj
 0001:00000d3c       __local_stdio_printf_options 0000000180001d3c f i LIBCMT:default_local_stdio_options.obj
 0001:00000d44       __local_stdio_scanf_options 0000000180001d44 f i LIBCMT:default_local_stdio_options.obj
 0001:00000d4c       __scrt_initialize_default_local_stdio_options 0000000180001d4c f   LIBCMT:default_local_stdio_options.obj
 0001:00000d68       __scrt_acquire_startup_lock 0000000180001d68 f   LIBCMT:utility.obj
 0001:00000da4       __scrt_dllmain_after_initialize_c 0000000180001da4 f   LIBCMT:utility.obj
 0001:00000dd8       __scrt_dllmain_before_initialize_c 0000000180001dd8 f   LIBCMT:utility.obj
 0001:00000df0       __scrt_dllmain_crt_thread_attach 0000000180001df0 f   LIBCMT:utility.obj
 0001:00000e18       __scrt_dllmain_crt_thread_detach 0000000180001e18 f   LIBCMT:utility.obj
 0001:00000e30       __scrt_dllmain_exception_filter 0000000180001e30 f   LIBCMT:utility.obj
 0001:00000e94       __scrt_dllmain_uninitialize_c 0000000180001e94 f   LIBCMT:utility.obj
 0001:00000ec4       __scrt_dllmain_uninitialize_critical 0000000180001ec4 f   LIBCMT:utility.obj
 0001:00000ed8       __scrt_initialize_crt      0000000180001ed8 f   LIBCMT:utility.obj
 0001:00000f24       __scrt_initialize_onexit_tables 0000000180001f24 f   LIBCMT:utility.obj
 0001:00001004       __scrt_is_nonwritable_in_current_image 0000000180002004 f   LIBCMT:utility.obj
 0001:000010a0       __scrt_release_startup_lock 00000001800020a0 f   LIBCMT:utility.obj
 0001:000010c4       __scrt_uninitialize_crt    00000001800020c4 f   LIBCMT:utility.obj
 0001:000010f0       __scrt_get_dyn_tls_init_callback 00000001800020f0 f   LIBCMT:dyn_tls_init.obj
 0001:000010f8       __crt_debugger_hook        00000001800020f8 f   LIBCMT:utility_desktop.obj
 0001:00001100       __scrt_fastfail            0000000180002100 f   LIBCMT:utility_desktop.obj
 0001:00001248       _RTC_Initialize            0000000180002248 f   LIBCMT:_initsect_.obj
 0001:00001294       _RTC_Terminate             0000000180002294 f   LIBCMT:_initsect_.obj
 0001:000012e0       _guard_check_icall         00000001800022e0 f i LIBCMT:checkcfg.obj
 0001:000012e8       ??3@YAXPEAX_K@Z            00000001800022e8 f   LIBCMT:delete_scalar_size.obj
 0001:000012f0       ??_Gtype_info@@UEAAPEAXI@Z 00000001800022f0 f i LIBCMT:std_type_info_static.obj
 0001:000012f0       ??_Etype_info@@UEAAPEAXI@Z 00000001800022f0 f i LIBCMT:std_type_info_static.obj
 0001:0000131c       __isa_available_init       000000018000231c f   LIBCMT:_cpu_disp_.obj
 0001:000014d8       __scrt_is_ucrt_dll_in_use  00000001800024d8 f   LIBCMT:ucrt_detection.obj
 0001:000014e4       _guard_check_icall_nop     00000001800024e4 f i LIBCMT:guard_support.obj
 0001:000014e8       ??3@YAXPEAX@Z              00000001800024e8 f   LIBCMT:delete_scalar.obj
 0001:000014f0       __C_specific_handler       00000001800024f0 f   libvcruntime:_chandler_.obj
 0001:000016ec       __std_exception_copy       00000001800026ec f   libvcruntime:std_exception.obj
 0001:0000177c       __std_exception_destroy    000000018000277c f   libvcruntime:std_exception.obj
 0001:000017a4       _CxxThrowException         00000001800027a4 f   libvcruntime:throw.obj
 0001:0000187c       __std_type_info_destroy_list 000000018000287c f   libvcruntime:std_type_info.obj
 0001:000018a8       __vcrt_initialize          00000001800028a8 f   libvcruntime:initialization.obj
 0001:000018dc       __vcrt_thread_attach       00000001800028dc f   libvcruntime:initialization.obj
 0001:000018f0       __vcrt_thread_detach       00000001800028f0 f   libvcruntime:initialization.obj
 0001:00001904       __vcrt_uninitialize        0000000180002904 f   libvcruntime:initialization.obj
 0001:00001924       __vcrt_uninitialize_critical 0000000180002924 f   libvcruntime:initialization.obj
 0001:00001950       memset                     0000000180002950 f   libvcruntime:memset.obj
 0001:00001b00       _local_unwind              0000000180002b00 f   libvcruntime:_jmpuwind_.obj
 0001:00001b30       _NLG_Notify                0000000180002b30 f   libvcruntime:_jmpuwind_.obj
 0001:00001b50       __NLG_Dispatch2            0000000180002b50 f   libvcruntime:_jmpuwind_.obj
 0001:00001b60       __NLG_Return2              0000000180002b60 f   libvcruntime:_jmpuwind_.obj
 0001:00001b64       __except_validate_context_record 0000000180002b64 f   libvcruntime:jbcxrval.obj
 0001:00001b9c       __vcrt_freefls             0000000180002b9c f   libvcruntime:per_thread_data.obj
 0001:00001bbc       __vcrt_freeptd             0000000180002bbc f   libvcruntime:per_thread_data.obj
 0001:00001c0c       __vcrt_getptd_noexit       0000000180002c0c f   libvcruntime:per_thread_data.obj
 0001:00001cc4       __vcrt_initialize_ptd      0000000180002cc4 f   libvcruntime:per_thread_data.obj
 0001:00001d04       __vcrt_uninitialize_ptd    0000000180002d04 f   libvcruntime:per_thread_data.obj
 0001:00001d28       __vcrt_initialize_locks    0000000180002d28 f   libvcruntime:locks.obj
 0001:00001d70       __vcrt_uninitialize_locks  0000000180002d70 f   libvcruntime:locks.obj
 0001:00001f80       __vcrt_FlsAlloc            0000000180002f80 f   libvcruntime:winapi_downlevel.obj
 0001:00001fd4       __vcrt_FlsFree             0000000180002fd4 f   libvcruntime:winapi_downlevel.obj
 0001:00002028       __vcrt_FlsGetValue         0000000180003028 f   libvcruntime:winapi_downlevel.obj
 0001:0000207c       __vcrt_FlsSetValue         000000018000307c f   libvcruntime:winapi_downlevel.obj
 0001:000020e4       __vcrt_InitializeCriticalSectionEx 00000001800030e4 f   libvcruntime:winapi_downlevel.obj
 0001:0000215c       __vcrt_initialize_winapi_thunks 000000018000315c f   libvcruntime:winapi_downlevel.obj
 0001:000021a0       __vcrt_uninitialize_winapi_thunks 00000001800031a0 f   libvcruntime:winapi_downlevel.obj
 0001:000021e0       __vcrt_initialize_pure_virtual_call_handler 00000001800031e0 f   libvcruntime:purevirt_data.obj
 0001:00002204       ??0_LocaleUpdate@@QEAA@QEAU__crt_locale_pointers@@@Z 0000000180003204 f i libucrt:stricmp.obj
 0001:00002294       __acrt_initialize_new_handler 0000000180003294 f   libucrt:new_handler.obj
 0001:0000229c       _callnewh                  000000018000329c f   libucrt:new_handler.obj
 0001:000022cc       _query_new_handler         00000001800032cc f   libucrt:new_handler.obj
 0001:00002300       malloc                     0000000180003300 f   libucrt:malloc.obj
 0001:00002308       _initterm                  0000000180003308 f   libucrt:initterm.obj
 0001:0000236c       _initterm_e                000000018000336c f   libucrt:initterm.obj
 0001:000023ac       _seh_filter_dll            00000001800033ac f   libucrt:exception_filter.obj
 0001:000023c0       _seh_filter_exe            00000001800033c0 f   libucrt:exception_filter.obj
 0001:000027cc       __acrt_initialize_thread_local_exit_callback 00000001800037cc f   libucrt:exit.obj
 0001:000027d4       _cexit                     00000001800037d4 f   libucrt:exit.obj
 0001:000027e4       _exit                      00000001800037e4 f   libucrt:exit.obj
 0001:000027f0       _is_c_termination_complete 00000001800037f0 f   libucrt:exit.obj
 0001:000029b4       __acrt_allocate_buffer_for_argv 00000001800039b4 f   libucrt:argv_parsing.obj
 0001:00002a14       _configure_narrow_argv     0000000180003a14 f   libucrt:argv_parsing.obj
 0001:00002d90       __dcrt_uninitialize_environments_nolock 0000000180003d90 f   libucrt:environment_initialization.obj
 0001:00002dc8       _initialize_narrow_environment 0000000180003dc8 f   libucrt:environment_initialization.obj
 0001:00002f58       _execute_onexit_table      0000000180003f58 f   libucrt:onexit.obj
 0001:00002f94       _initialize_onexit_table   0000000180003f94 f   libucrt:onexit.obj
 0001:0000300c       __acrt_uninitialize_command_line 000000018000400c f   libucrt:argv_data.obj
 0001:0000310c       __acrt_initialize          000000018000410c f   libucrt:initialization.obj
 0001:00003120       __acrt_thread_attach       0000000180004120 f   libucrt:initialization.obj
 0001:00003134       __acrt_thread_detach       0000000180004134 f   libucrt:initialization.obj
 0001:00003144       __acrt_uninitialize        0000000180004144 f   libucrt:initialization.obj
 0001:00003158       __acrt_uninitialize_critical 0000000180004158 f   libucrt:initialization.obj
 0001:00003168       terminate                  0000000180004168 f   libucrt:terminate.obj
 0001:00003188       free                       0000000180004188 f   libucrt:free.obj
 0001:0000319c       strcpy_s                   000000018000419c f   libucrt:strcpy_s.obj
 0001:000031fc       _free_base                 00000001800041fc f   libucrt:free_base.obj
 0001:0000323c       _malloc_base               000000018000423c f   libucrt:malloc_base.obj
 0001:0000329c       abort                      000000018000429c f   libucrt:abort.obj
 0001:000032f4       _calloc_base               00000001800042f4 f   libucrt:calloc_base.obj
 0001:0000336c       wcsncmp                    000000018000436c f   libucrt:wcsncmp.obj
 0001:00003398       __acrt_call_reportfault    0000000180004398 f   libucrt:invalid_parameter.obj
 0001:000034f4       __acrt_initialize_invalid_parameter_handler 00000001800044f4 f   libucrt:invalid_parameter.obj
 0001:000034fc       _invalid_parameter         00000001800044fc f   libucrt:invalid_parameter.obj
 0001:000035ac       _invalid_parameter_noinfo  00000001800045ac f   libucrt:invalid_parameter.obj
 0001:000035cc       _invoke_watson             00000001800045cc f   libucrt:invalid_parameter.obj
 0001:00003614       __acrt_errno_from_os_error 0000000180004614 f   libucrt:errno.obj
 0001:0000365c       __acrt_errno_map_os_error  000000018000465c f   libucrt:errno.obj
 0001:000036ac       __doserrno                 00000001800046ac f   libucrt:errno.obj
 0001:000036cc       _errno                     00000001800046cc f   libucrt:errno.obj
 0001:00003a64       __acrt_freeptd             0000000180004a64 f   libucrt:per_thread_data.obj
 0001:00003aa8       __acrt_getptd              0000000180004aa8 f   libucrt:per_thread_data.obj
 0001:00003b74       __acrt_getptd_head         0000000180004b74 f   libucrt:per_thread_data.obj
 0001:00003c1c       __acrt_getptd_noexit       0000000180004c1c f   libucrt:per_thread_data.obj
 0001:00003cec       __acrt_initialize_ptd      0000000180004cec f   libucrt:per_thread_data.obj
 0001:00003d28       __acrt_uninitialize_ptd    0000000180004d28 f   libucrt:per_thread_data.obj
 0001:00003d4c       __acrt_update_locale_info  0000000180004d4c f   libucrt:locale_update.obj
 0001:00003d80       __acrt_update_multibyte_info 0000000180004d80 f   libucrt:locale_update.obj
 0001:00003e24       __acrt_set_locale_changed  0000000180004e24 f   libucrt:wsetlocale.obj
 0001:00003e30       __acrt_uninitialize_locale 0000000180004e30 f   libucrt:wsetlocale.obj
 0001:00003e60       __acrt_initialize_locks    0000000180004e60 f   libucrt:locks.obj
 0001:00003ea8       __acrt_lock                0000000180004ea8 f   libucrt:locks.obj
 0001:00003ec4       __acrt_uninitialize_locks  0000000180004ec4 f   libucrt:locks.obj
 0001:00003efc       __acrt_unlock              0000000180004efc f   libucrt:locks.obj
 0001:00003f18       __acrt_get_process_end_policy 0000000180004f18 f   libucrt:win_policies.obj
 0001:000044b8       __acrt_expand_narrow_argv_wildcards 00000001800054b8 f   libucrt:argv_wildcards.obj
 0001:00004c04       __acrt_initialize_multibyte 0000000180005c04 f   libucrt:mbctype.obj
 0001:00004c64       __acrt_update_thread_multibyte_data 0000000180005c64 f   libucrt:mbctype.obj
 0001:00004c80       _setmbcp_nolock            0000000180005c80 f   libucrt:mbctype.obj
 0001:00004f98       _ismbblead                 0000000180005f98 f   libucrt:ismbbyte.obj
 0001:00004fac       __acrt_initialize_command_line 0000000180005fac f   libucrt:argv_data.obj
 0001:00004fd4       __dcrt_get_narrow_environment_from_os 0000000180005fd4 f   libucrt:get_environment_from_os.obj
 0001:000050d8       _recalloc                  00000001800060d8 f   libucrt:recalloc.obj
 0001:000050e0       _recalloc_base             00000001800060e0 f   libucrt:recalloc.obj
 0001:00005350       __acrt_AppPolicyGetProcessTerminationMethodInternal 0000000180006350 f   libucrt:winapi_thunks.obj
 0001:000053a0       __acrt_FlsAlloc            00000001800063a0 f   libucrt:winapi_thunks.obj
 0001:000053e8       __acrt_FlsFree             00000001800063e8 f   libucrt:winapi_thunks.obj
 0001:00005430       __acrt_FlsGetValue         0000000180006430 f   libucrt:winapi_thunks.obj
 0001:00005478       __acrt_FlsSetValue         0000000180006478 f   libucrt:winapi_thunks.obj
 0001:000054cc       __acrt_InitializeCriticalSectionEx 00000001800064cc f   libucrt:winapi_thunks.obj
 0001:00005530       __acrt_LCMapStringEx       0000000180006530 f   libucrt:winapi_thunks.obj
 0001:0000560c       __acrt_LocaleNameToLCID    000000018000660c f   libucrt:winapi_thunks.obj
 0001:0000565c       __acrt_initialize_winapi_thunks 000000018000665c f   libucrt:winapi_thunks.obj
 0001:000056a4       __acrt_uninitialize_winapi_thunks 00000001800066a4 f   libucrt:winapi_thunks.obj
 0001:000056e8       __acrt_initialize_heap     00000001800066e8 f   libucrt:heap_handle.obj
 0001:00005704       __acrt_uninitialize_heap   0000000180006704 f   libucrt:heap_handle.obj
 0001:000058f8       __acrt_initialize_lowio    00000001800068f8 f   libucrt:ioinit.obj
 0001:00005934       __acrt_uninitialize_lowio  0000000180006934 f   libucrt:ioinit.obj
 0001:00005974       __acrt_execute_initializers 0000000180006974 f   libucrt:shared_initialization.obj
 0001:000059f4       __acrt_execute_uninitializers 00000001800069f4 f   libucrt:shared_initialization.obj
 0001:00005a7c       __acrt_get_sigabrt_handler 0000000180006a7c f   libucrt:signal.obj
 0001:00005aac       __acrt_initialize_signal_handlers 0000000180006aac f   libucrt:signal.obj
 0001:00005acc       raise                      0000000180006acc f   libucrt:signal.obj
 0001:00005d40       __acrt_has_user_matherr    0000000180006d40 f   libucrt:matherr.obj
 0001:00005d60       __acrt_initialize_user_matherr 0000000180006d60 f   libucrt:matherr.obj
 0001:00005d68       __acrt_invoke_user_matherr 0000000180006d68 f   libucrt:matherr.obj
 0001:00005d98       _query_new_mode            0000000180006d98 f   libucrt:new_mode.obj
 0001:00005da0       _mbtowc_l                  0000000180006da0 f   libucrt:mbtowc.obj
 0001:00005ee8       mbtowc                     0000000180006ee8 f   libucrt:mbtowc.obj
 0001:00005ef0       _fileno                    0000000180006ef0 f   libucrt:fileno.obj
 0001:00005f18       __acrt_initialize_stdio    0000000180006f18 f   libucrt:_file.obj
 0001:00006038       __acrt_uninitialize_stdio  0000000180007038 f   libucrt:_file.obj
 0001:00006094       _lock_file                 0000000180007094 f   libucrt:_file.obj
 0001:000060a0       _unlock_file               00000001800070a0 f   libucrt:_file.obj
 0001:000060ac       __pctype_func              00000001800070ac f   libucrt:ctype.obj
 0001:000060dc       _isleadbyte_l              00000001800070dc f i libucrt:_wctype.obj
 0001:00006470       __acrt_LCMapStringA        0000000180007470 f   libucrt:lcmapstringa.obj
 0001:00006508       __acrt_add_locale_ref      0000000180007508 f   libucrt:locale_refcounting.obj
 0001:00006594       __acrt_free_locale         0000000180007594 f   libucrt:locale_refcounting.obj
 0001:0000670c       __acrt_locale_add_lc_time_reference 000000018000770c f   libucrt:locale_refcounting.obj
 0001:00006734       __acrt_locale_free_lc_time_if_unreferenced 0000000180007734 f   libucrt:locale_refcounting.obj
 0001:0000676c       __acrt_locale_release_lc_time_reference 000000018000776c f   libucrt:locale_refcounting.obj
 0001:00006794       __acrt_release_locale_ref  0000000180007794 f   libucrt:locale_refcounting.obj
 0001:0000683c       __acrt_update_thread_locale_data 000000018000783c f   libucrt:locale_refcounting.obj
 0001:000068ac       _updatetlocinfoEx_nolock   00000001800078ac f   libucrt:locale_refcounting.obj
 0001:00006914       __acrt_locale_free_monetary 0000000180007914 f   libucrt:initmon.obj
 0001:00006a20       __acrt_locale_free_numeric 0000000180007a20 f   libucrt:initnum.obj
 0001:00006ae4       __acrt_locale_free_time    0000000180007ae4 f   libucrt:inittime.obj
 0001:00006bec       __acrt_GetStringTypeA      0000000180007bec f   libucrt:getstringtypea.obj
 0001:00006e60       qsort                      0000000180007e60 f   libucrt:qsort.obj
 0001:000071b0       strncpy_s                  00000001800081b0 f   libucrt:strncpy_s.obj
 0001:00007284       strpbrk                    0000000180008284 f   libucrt:strpbrk.obj
 0001:00007324       _mbsdec                    0000000180008324 f   libucrt:mbsdec.obj
 0001:0000732c       _mbsdec_l                  000000018000832c f   libucrt:mbsdec.obj
 0001:000073dc       _msize                     00000001800083dc f   libucrt:msize.obj
 0001:000073e4       _msize_base                00000001800083e4 f   libucrt:msize.obj
 0001:00007420       _realloc_base              0000000180008420 f   libucrt:realloc_base.obj
 0001:00007564       __acrt_DownlevelLocaleNameToLCID 0000000180008564 f   libucrt:lcidtoname_downlevel.obj
 0001:00007598       __acrt_lowio_create_handle_array 0000000180008598 f   libucrt:osfinfo.obj
 0001:00007630       __acrt_lowio_destroy_handle_array 0000000180008630 f   libucrt:osfinfo.obj
 0001:00007680       __acrt_lowio_ensure_fh_exists 0000000180008680 f   libucrt:osfinfo.obj
 0001:00007728       __acrt_lowio_lock_fh       0000000180008728 f   libucrt:osfinfo.obj
 0001:0000774c       __acrt_lowio_unlock_fh     000000018000874c f   libucrt:osfinfo.obj
 0001:00007770       _free_osfhnd               0000000180008770 f   libucrt:osfinfo.obj
 0001:00007838       _get_osfhandle             0000000180008838 f   libucrt:osfinfo.obj
 0001:000078b0       _isatty                    00000001800088b0 f   libucrt:isatty.obj
 0001:00007af4       __acrt_stdio_flush_nolock  0000000180008af4 f   libucrt:fflush.obj
 0001:00007b70       _fflush_nolock             0000000180008b70 f   libucrt:fflush.obj
 0001:00007bbc       _flushall                  0000000180008bbc f   libucrt:fflush.obj
 0001:00007bc4       _fcloseall                 0000000180008bc4 f   libucrt:closeall.obj
 0001:00007c78       __acrt_stdio_free_buffer_nolock 0000000180008c78 f   libucrt:_freebuf.obj
 0001:00007cb8       __strncnt                  0000000180008cb8 f   libucrt:strncnt.obj
 0001:00007cd0       _query_app_type            0000000180008cd0 f   libucrt:report_runtime_error.obj
 0001:00007d64       _commit                    0000000180008d64 f   libucrt:commit.obj
 0001:00008494       _write                     0000000180009494 f   libucrt:write.obj
 0001:00008594       _write_nolock              0000000180009594 f   libucrt:write.obj
 0001:00008830       log10                      0000000180009830 f   libucrt:log10.obj
 0001:00008e78       _lseeki64_nolock           0000000180009e78 f   libucrt:lseek.obj
 0001:00008e80       _fclose_nolock             0000000180009e80 f   libucrt:fclose.obj
 0001:00008f04       fclose                     0000000180009f04 f   libucrt:fclose.obj
 0001:00008f68       _putwch_nolock             0000000180009f68 f   libucrt:putwch.obj
 0001:000090c8       _handle_error              000000018000a0c8 f   libucrt:libm_error.obj
 0001:000091f0       __acrt_initialize_fma3     000000018000a1f0 f   libucrt:fma3_available.obj
 0001:00009260       _log10_special             000000018000a260 f   libucrt:log_special.obj
 0001:0000938c       _close                     000000018000a38c f   libucrt:close.obj
 0001:00009430       _close_nolock              000000018000a430 f   libucrt:close.obj
 0001:000094ec       ?__acrt_stdio_free_stream@@YAXV__crt_stdio_stream@@@Z 000000018000a4ec f   libucrt:stream.obj
 0001:00009508       __dcrt_lowio_ensure_console_output_initialized 000000018000a508 f   libucrt:initcon.obj
 0001:0000955c       __dcrt_terminate_console_output 000000018000a55c f   libucrt:initcon.obj
 0001:00009578       __dcrt_write_console_w     000000018000a578 f   libucrt:initcon.obj
 0001:00009650       _get_fpsr                  000000018000a650 f   libucrt:fpsr.obj
 0001:00009660       _set_fpsr                  000000018000a660 f   libucrt:fpsr.obj
 0001:0000966a       _fclrf                     000000018000a66a f   libucrt:fpsr.obj
 0001:0000967e       _frnd                      000000018000a67e f   libucrt:fpsr.obj
 0001:000096a0       _raise_exc                 000000018000a6a0 f   libucrt:fpexcept.obj
 0001:000096c8       _raise_exc_ex              000000018000a6c8 f   libucrt:fpexcept.obj
 0001:000099d0       _set_errno_from_matherr    000000018000a9d0 f   libucrt:fpexcept.obj
 0001:00009a00       _clrfp                     000000018000aa00 f   libucrt:fpctrl.obj
 0001:00009a20       _ctrlfp                    000000018000aa20 f   libucrt:fpctrl.obj
 0001:00009a9c       _set_statfp                000000018000aa9c f   libucrt:fpctrl.obj
 0001:00009abc       _statfp                    000000018000aabc f   libucrt:fpctrl.obj
 0001:00009ace       IsProcessorFeaturePresent  000000018000aace f   kernel32:KERNEL32.dll
 0001:00009ad4       RtlUnwindEx                000000018000aad4 f   kernel32:KERNEL32.dll
 0001:00009ae0       _FindPESection             000000018000aae0 f   LIBCMT:pesect.obj
 0001:00009b30       _IsNonwritableInCurrentImage 000000018000ab30 f   LIBCMT:pesect.obj
 0001:00009b80       _ValidateImageBase         000000018000ab80 f   LIBCMT:pesect.obj
 0001:00009bb0       __GSHandlerCheck           000000018000abb0 f   LIBCMT:_gshandler_.obj
 0001:00009bd0       __GSHandlerCheckCommon     000000018000abd0 f   LIBCMT:_gshandler_.obj
 0001:00009c40       __chkstk                   000000018000ac40 f   LIBCMT:_chkstk_.obj
 0001:00009c40       _alloca_probe              000000018000ac40 f   LIBCMT:_chkstk_.obj
 0001:00009cb0       memmove                    000000018000acb0 f   libvcruntime:memcpy.obj
 0001:00009cb0       memcpy                     000000018000acb0 f   libvcruntime:memcpy.obj
 0001:0000a100       memcmp                     000000018000b100 f   libvcruntime:memcmp.obj
 0001:0000a1e0       _guard_dispatch_icall_nop  000000018000b1e0 f   LIBCMT:_guard_dispatch_.obj
 0002:00000000       __imp_?Add@Functions@MathLibrary@@SANNN@Z 000000018000c000     CreateDLL:CreateDLL.dll
 0002:00000008       \177CreateDLL_NULL_THUNK_DATA 000000018000c008     CreateDLL:CreateDLL.dll
 0002:00000010       __imp_CreateFileW          000000018000c010     kernel32:KERNEL32.dll
 0002:00000018       __imp_CloseHandle          000000018000c018     kernel32:KERNEL32.dll
 0002:00000020       __imp_SetFilePointerEx     000000018000c020     kernel32:KERNEL32.dll
 0002:00000028       __imp_GetConsoleMode       000000018000c028     kernel32:KERNEL32.dll
 0002:00000030       __imp_GetConsoleCP         000000018000c030     kernel32:KERNEL32.dll
 0002:00000038       __imp_FlushFileBuffers     000000018000c038     kernel32:KERNEL32.dll
 0002:00000040       __imp_WriteFile            000000018000c040     kernel32:KERNEL32.dll
 0002:00000048       __imp_SetStdHandle         000000018000c048     kernel32:KERNEL32.dll
 0002:00000050       __imp_HeapReAlloc          000000018000c050     kernel32:KERNEL32.dll
 0002:00000058       __imp_HeapSize             000000018000c058     kernel32:KERNEL32.dll
 0002:00000060       __imp_GetStringTypeW       000000018000c060     kernel32:KERNEL32.dll
 0002:00000068       __imp_GetFileType          000000018000c068     kernel32:KERNEL32.dll
 0002:00000070       __imp_GetStdHandle         000000018000c070     kernel32:KERNEL32.dll
 0002:00000078       __imp_GetProcessHeap       000000018000c078     kernel32:KERNEL32.dll
 0002:00000080       __imp_LCMapStringW         000000018000c080     kernel32:KERNEL32.dll
 0002:00000088       __imp_RtlCaptureContext    000000018000c088     kernel32:KERNEL32.dll
 0002:00000090       __imp_RtlLookupFunctionEntry 000000018000c090     kernel32:KERNEL32.dll
 0002:00000098       __imp_RtlVirtualUnwind     000000018000c098     kernel32:KERNEL32.dll
 0002:000000a0       __imp_UnhandledExceptionFilter 000000018000c0a0     kernel32:KERNEL32.dll
 0002:000000a8       __imp_SetUnhandledExceptionFilter 000000018000c0a8     kernel32:KERNEL32.dll
 0002:000000b0       __imp_GetCurrentProcess    000000018000c0b0     kernel32:KERNEL32.dll
 0002:000000b8       __imp_TerminateProcess     000000018000c0b8     kernel32:KERNEL32.dll
 0002:000000c0       __imp_IsProcessorFeaturePresent 000000018000c0c0     kernel32:KERNEL32.dll
 0002:000000c8       __imp_QueryPerformanceCounter 000000018000c0c8     kernel32:KERNEL32.dll
 0002:000000d0       __imp_GetCurrentProcessId  000000018000c0d0     kernel32:KERNEL32.dll
 0002:000000d8       __imp_GetCurrentThreadId   000000018000c0d8     kernel32:KERNEL32.dll
 0002:000000e0       __imp_GetSystemTimeAsFileTime 000000018000c0e0     kernel32:KERNEL32.dll
 0002:000000e8       __imp_InitializeSListHead  000000018000c0e8     kernel32:KERNEL32.dll
 0002:000000f0       __imp_IsDebuggerPresent    000000018000c0f0     kernel32:KERNEL32.dll
 0002:000000f8       __imp_GetStartupInfoW      000000018000c0f8     kernel32:KERNEL32.dll
 0002:00000100       __imp_GetModuleHandleW     000000018000c100     kernel32:KERNEL32.dll
 0002:00000108       __imp_RtlUnwindEx          000000018000c108     kernel32:KERNEL32.dll
 0002:00000110       __imp_RtlPcToFileHeader    000000018000c110     kernel32:KERNEL32.dll
 0002:00000118       __imp_RaiseException       000000018000c118     kernel32:KERNEL32.dll
 0002:00000120       __imp_InterlockedFlushSList 000000018000c120     kernel32:KERNEL32.dll
 0002:00000128       __imp_GetLastError         000000018000c128     kernel32:KERNEL32.dll
 0002:00000130       __imp_SetLastError         000000018000c130     kernel32:KERNEL32.dll
 0002:00000138       __imp_EnterCriticalSection 000000018000c138     kernel32:KERNEL32.dll
 0002:00000140       __imp_LeaveCriticalSection 000000018000c140     kernel32:KERNEL32.dll
 0002:00000148       __imp_DeleteCriticalSection 000000018000c148     kernel32:KERNEL32.dll
 0002:00000150       __imp_InitializeCriticalSectionAndSpinCount 000000018000c150     kernel32:KERNEL32.dll
 0002:00000158       __imp_TlsAlloc             000000018000c158     kernel32:KERNEL32.dll
 0002:00000160       __imp_TlsGetValue          000000018000c160     kernel32:KERNEL32.dll
 0002:00000168       __imp_TlsSetValue          000000018000c168     kernel32:KERNEL32.dll
 0002:00000170       __imp_TlsFree              000000018000c170     kernel32:KERNEL32.dll
 0002:00000178       __imp_FreeLibrary          000000018000c178     kernel32:KERNEL32.dll
 0002:00000180       __imp_GetProcAddress       000000018000c180     kernel32:KERNEL32.dll
 0002:00000188       __imp_LoadLibraryExW       000000018000c188     kernel32:KERNEL32.dll
 0002:00000190       __imp_ExitProcess          000000018000c190     kernel32:KERNEL32.dll
 0002:00000198       __imp_GetModuleHandleExW   000000018000c198     kernel32:KERNEL32.dll
 0002:000001a0       __imp_GetModuleFileNameA   000000018000c1a0     kernel32:KERNEL32.dll
 0002:000001a8       __imp_MultiByteToWideChar  000000018000c1a8     kernel32:KERNEL32.dll
 0002:000001b0       __imp_WideCharToMultiByte  000000018000c1b0     kernel32:KERNEL32.dll
 0002:000001b8       __imp_HeapFree             000000018000c1b8     kernel32:KERNEL32.dll
 0002:000001c0       __imp_HeapAlloc            000000018000c1c0     kernel32:KERNEL32.dll
 0002:000001c8       __imp_GetACP               000000018000c1c8     kernel32:KERNEL32.dll
 0002:000001d0       __imp_FindClose            000000018000c1d0     kernel32:KERNEL32.dll
 0002:000001d8       __imp_FindFirstFileExA     000000018000c1d8     kernel32:KERNEL32.dll
 0002:000001e0       __imp_FindNextFileA        000000018000c1e0     kernel32:KERNEL32.dll
 0002:000001e8       __imp_IsValidCodePage      000000018000c1e8     kernel32:KERNEL32.dll
 0002:000001f0       __imp_GetOEMCP             000000018000c1f0     kernel32:KERNEL32.dll
 0002:000001f8       __imp_GetCPInfo            000000018000c1f8     kernel32:KERNEL32.dll
 0002:00000200       __imp_GetCommandLineA      000000018000c200     kernel32:KERNEL32.dll
 0002:00000208       __imp_GetCommandLineW      000000018000c208     kernel32:KERNEL32.dll
 0002:00000210       __imp_GetEnvironmentStringsW 000000018000c210     kernel32:KERNEL32.dll
 0002:00000218       __imp_FreeEnvironmentStringsW 000000018000c218     kernel32:KERNEL32.dll
 0002:00000220       __imp_WriteConsoleW        000000018000c220     kernel32:KERNEL32.dll
 0002:00000228       \177KERNEL32_NULL_THUNK_DATA 000000018000c228     kernel32:KERNEL32.dll
 0002:00000230       __imp_node_module_register 000000018000c230     iojs:node.dll
 0002:00000238       __imp_?New@ObjectTemplate@v8@@SA?AV?$Local@VObjectTemplate@v8@@@2@PEAVIsolate@2@V?$Local@VFunctionTemplate@v8@@@2@@Z 000000018000c238     iojs:node.dll
 0002:00000240       __imp_?NewInstance@ObjectTemplate@v8@@QEAA?AV?$MaybeLocal@VObject@v8@@@2@V?$Local@VContext@v8@@@2@@Z 000000018000c240     iojs:node.dll
 0002:00000248       __imp_?SetInternalFieldCount@ObjectTemplate@v8@@QEAAXH@Z 000000018000c248     iojs:node.dll
 0002:00000250       __imp_?Set@Object@v8@@QEAA?AV?$Maybe@_N@2@V?$Local@VContext@v8@@@2@V?$Local@VValue@v8@@@2@1@Z 000000018000c250     iojs:node.dll
 0002:00000258       __imp_?SetInternalField@Object@v8@@QEAAXHV?$Local@VValue@v8@@@2@@Z 000000018000c258     iojs:node.dll
 0002:00000260       __imp_?SlowGetInternalField@Object@v8@@AEAA?AV?$Local@VValue@v8@@@2@H@Z 000000018000c260     iojs:node.dll
 0002:00000268       __imp_?New@Number@v8@@SA?AV?$Local@VNumber@v8@@@2@PEAVIsolate@2@N@Z 000000018000c268     iojs:node.dll
 0002:00000270       __imp_?NewFromUtf8@String@v8@@SA?AV?$MaybeLocal@VString@v8@@@2@PEAVIsolate@2@PEBDW4NewStringType@2@H@Z 000000018000c270     iojs:node.dll
 0002:00000278       __imp_??0EscapableHandleScope@v8@@QEAA@PEAVIsolate@1@@Z 000000018000c278     iojs:node.dll
 0002:00000280       __imp_?Escape@EscapableHandleScope@v8@@AEAAPEAPEAVObject@internal@2@PEAPEAV342@@Z 000000018000c280     iojs:node.dll
 0002:00000288       __imp_?ToLocalEmpty@V8@v8@@CAXXZ 000000018000c288     iojs:node.dll
 0002:00000290       __imp_?New@FunctionTemplate@v8@@SA?AV?$Local@VFunctionTemplate@v8@@@2@PEAVIsolate@2@P6AXAEBV?$FunctionCallbackInfo@VValue@v8@@@2@@ZV?$Local@VValue@v8@@@2@V?$Local@VSignature@v8@@@2@HW4ConstructorBehavior@2@@Z 000000018000c290     iojs:node.dll
 0002:00000298       __imp_?GetFunction@FunctionTemplate@v8@@QEAA?AV?$MaybeLocal@VFunction@v8@@@2@V?$Local@VContext@v8@@@2@@Z 000000018000c298     iojs:node.dll
 0002:000002a0       __imp_??0HandleScope@v8@@QEAA@PEAVIsolate@1@@Z 000000018000c2a0     iojs:node.dll
 0002:000002a8       __imp_??1HandleScope@v8@@QEAA@XZ 000000018000c2a8     iojs:node.dll
 0002:000002b0       __imp_?CreateHandle@HandleScope@v8@@CAPEAPEAVObject@internal@2@PEAVHeapObject@42@PEAV342@@Z 000000018000c2b0     iojs:node.dll
 0002:000002b8       __imp_?CreateHandle@HandleScope@v8@@KAPEAPEAVObject@internal@2@PEAVIsolate@42@PEAV342@@Z 000000018000c2b8     iojs:node.dll
 0002:000002c0       __imp_?GetCurrent@Isolate@v8@@SAPEAV12@XZ 000000018000c2c0     iojs:node.dll
 0002:000002c8       __imp_?GetCurrentContext@Isolate@v8@@QEAA?AV?$Local@VContext@v8@@@2@XZ 000000018000c2c8     iojs:node.dll
 0002:000002d0       __imp_?New@External@v8@@SA?AV?$Local@VExternal@v8@@@2@PEAVIsolate@2@PEAX@Z 000000018000c2d0     iojs:node.dll
 0002:000002d8       __imp_?Value@External@v8@@QEBAPEAXXZ 000000018000c2d8     iojs:node.dll
 0002:000002e0       \177node_NULL_THUNK_DATA   000000018000c2e0     iojs:node.dll
 0002:000002e8       __guard_check_icall_fptr   000000018000c2e8     LIBCMT:guard_support.obj
 0002:000002f0       __guard_dispatch_icall_fptr 000000018000c2f0     LIBCMT:guard_support.obj
 0002:000002f8       __xc_a                     000000018000c2f8     LIBCMT:initializers.obj
 0002:00000300       _register_addon_           000000018000c300     nanInterface.obj
 0002:00000308       __xc_z                     000000018000c308     LIBCMT:initializers.obj
 0002:00000310       __xi_a                     000000018000c310     LIBCMT:initializers.obj
 0002:00000318       __acrt_multibyte_initializer 000000018000c318     libucrt:multibyte_initializer.obj
 0002:00000320       __acrt_stdio_initializer   000000018000c320     libucrt:stdio_initializer.obj
 0002:00000328       __acrt_tran_fma3_initializer 000000018000c328     libucrt:fma3_initializer.obj
 0002:00000330       __xi_z                     000000018000c330     LIBCMT:initializers.obj
 0002:00000338       __xp_a                     000000018000c338     LIBCMT:initializers.obj
 0002:00000340       __acrt_locale_terminator   000000018000c340     libucrt:locale_initializer.obj
 0002:00000348       __dcrt_console_output_terminator 000000018000c348     libucrt:console_output_initializer.obj
 0002:00000350       __acrt_stdio_terminator    000000018000c350     libucrt:stdio_initializer.obj
 0002:00000358       __xp_z                     000000018000c358     LIBCMT:initializers.obj
 0002:00000360       __xt_a                     000000018000c360     LIBCMT:initializers.obj
 0002:00000368       __xt_z                     000000018000c368     LIBCMT:initializers.obj
 0002:00000370       _pRawDllMain               000000018000c370     LIBCMT:dll_dllmain.obj
 0002:00000370       _pDefaultRawDllMain        000000018000c370     LIBCMT:dll_dllmain.obj
 0002:00000390       ??_7exception@std@@6B@     000000018000c390     LIBCMT:throw_bad_alloc.obj
 0002:000003a0       ??_C@_0BC@EOODALEL@Unknown?5exception?$AA@ 000000018000c3a0     LIBCMT:throw_bad_alloc.obj
 0002:000003c0       ??_7bad_alloc@std@@6B@     000000018000c3c0     LIBCMT:throw_bad_alloc.obj
 0002:000003d0       ??_C@_0P@GHFPNOJB@bad?5allocation?$AA@ 000000018000c3d0     LIBCMT:throw_bad_alloc.obj
 0002:000003e8       ??_7bad_array_new_length@std@@6B@ 000000018000c3e8     LIBCMT:throw_bad_alloc.obj
 0002:000003f8       ??_C@_0BF@KINCDENJ@bad?5array?5new?5length?$AA@ 000000018000c3f8     LIBCMT:throw_bad_alloc.obj
 0002:00000418       ??_7type_info@@6B@         000000018000c418     LIBCMT:std_type_info_static.obj
 0002:00000460       ??_C@_0BM@LDKODKLH@?5Base?5Class?5Descriptor?5at?5?$CI?$AA@ 000000018000c460     libvcruntime:undname.obj
 0002:00000480       ??_C@_0BD@LGICGFMM@?5Base?5Class?5Array?8?$AA@ 000000018000c480     libvcruntime:undname.obj
 0002:00000498       ??_C@_0BN@MECKDCOJ@?5Class?5Hierarchy?5Descriptor?8?$AA@ 000000018000c498     libvcruntime:undname.obj
 0002:000004b8       ??_C@_0BK@CFCOFLF@?5Complete?5Object?5Locator?8?$AA@ 000000018000c4b8     libvcruntime:undname.obj
 0002:00000808       ??_C@_08EHJDFFNH@__based?$CI?$AA@ 000000018000c808     libvcruntime:undname.obj
 0002:00000818       ??_C@_07KOLFKCDI@__cdecl?$AA@ 000000018000c818     libvcruntime:undname.obj
 0002:00000820       ??_C@_08GHMPAG@__pascal?$AA@ 000000018000c820     libvcruntime:undname.obj
 0002:00000830       ??_C@_09IFJBGAPI@__stdcall?$AA@ 000000018000c830     libvcruntime:undname.obj
 0002:00000840       ??_C@_0L@NPHFGOKO@__thiscall?$AA@ 000000018000c840     libvcruntime:undname.obj
 0002:00000850       ??_C@_0L@JMKHOMEK@__fastcall?$AA@ 000000018000c850     libvcruntime:undname.obj
 0002:00000860       ??_C@_0N@BCKKPABJ@__vectorcall?$AA@ 000000018000c860     libvcruntime:undname.obj
 0002:00000870       ??_C@_09HIJEGCPM@__clrcall?$AA@ 000000018000c870     libvcruntime:undname.obj
 0002:0000087c       ??_C@_06GHPCKEAG@__eabi?$AA@ 000000018000c87c     libvcruntime:undname.obj
 0002:00000888       ??_C@_07JOMMBBKO@__ptr64?$AA@ 000000018000c888     libvcruntime:undname.obj
 0002:00000890       ??_C@_0L@PILCLIHE@__restrict?$AA@ 000000018000c890     libvcruntime:undname.obj
 0002:000008a0       ??_C@_0M@GFIIJFMG@__unaligned?$AA@ 000000018000c8a0     libvcruntime:undname.obj
 0002:000008b0       ??_C@_09DHDLOLLB@restrict?$CI?$AA@ 000000018000c8b0     libvcruntime:undname.obj
 0002:000008ba       ??_C@_00CNPNBAHC@?$AA@     000000018000c8ba     libvcruntime:undname.obj
 0002:000008bc       ??_C@_04NIHEBCM@?5new?$AA@ 000000018000c8bc     libvcruntime:undname.obj
 0002:000008c8       ??_C@_07FPCDHGMM@?5delete?$AA@ 000000018000c8c8     libvcruntime:undname.obj
 0002:000008d0       ??_C@_01NEMOKFLO@?$DN?$AA@ 000000018000c8d0     libvcruntime:undname.obj
 0002:000008d4       ??_C@_02GPIOPFAK@?$DO?$DO?$AA@ 000000018000c8d4     libvcruntime:undname.obj
 0002:000008d8       ??_C@_02FODMEDOG@?$DM?$DM?$AA@ 000000018000c8d8     libvcruntime:undname.obj
 0002:000008dc       ??_C@_01DCLJPIOD@?$CB?$AA@ 000000018000c8dc     libvcruntime:undname.obj
 0002:000008e0       ??_C@_02EGOFBIJA@?$DN?$DN?$AA@ 000000018000c8e0     libvcruntime:undname.obj
 0002:000008e4       ??_C@_02FDNJECIE@?$CB?$DN?$AA@ 000000018000c8e4     libvcruntime:undname.obj
 0002:000008e8       ??_C@_02GPECMEKF@?$FL?$FN?$AA@ 000000018000c8e8     libvcruntime:undname.obj
 0002:000008f0       ??_C@_08LHJFAFGD@operator?$AA@ 000000018000c8f0     libvcruntime:undname.obj
 0002:000008fc       ??_C@_02HBOOOICD@?9?$DO?$AA@ 000000018000c8fc     libvcruntime:undname.obj
 0002:00000900       ??_C@_01NBENCBCI@?$CK?$AA@ 000000018000c900     libvcruntime:undname.obj
 0002:00000904       ??_C@_02ECNGHCIF@?$CL?$CL?$AA@ 000000018000c904     libvcruntime:undname.obj
 0002:00000908       ??_C@_02BAABKJLB@?9?9?$AA@ 000000018000c908     libvcruntime:undname.obj
 0002:0000090c       ??_C@_01JOAMLHOP@?9?$AA@   000000018000c90c     libvcruntime:undname.obj
 0002:00000910       ??_C@_01MIFGBAGJ@?$CL?$AA@ 000000018000c910     libvcruntime:undname.obj
 0002:00000914       ??_C@_01HNPIGOCE@?$CG?$AA@ 000000018000c914     libvcruntime:undname.obj
 0002:00000918       ??_C@_03MNHNFDLC@?9?$DO?$CK?$AA@ 000000018000c918     libvcruntime:undname.obj
 0002:0000091c       ??_C@_01KMDKNFGN@?1?$AA@   000000018000c91c     libvcruntime:undname.obj
 0002:00000920       ??_C@_01FGNFDNOH@?$CF?$AA@ 000000018000c920     libvcruntime:undname.obj
 0002:00000924       ??_C@_01MNNFJEPP@?$DM?$AA@ 000000018000c924     libvcruntime:undname.obj
 0002:00000928       ??_C@_02EHCHHCKH@?$DM?$DN?$AA@ 000000018000c928     libvcruntime:undname.obj
 0002:0000092c       ??_C@_01PPODPGHN@?$DO?$AA@ 000000018000c92c     libvcruntime:undname.obj
 0002:00000930       ??_C@_02EEKDKGMJ@?$DO?$DN?$AA@ 000000018000c930     libvcruntime:undname.obj
 0002:00000934       ??_C@_01IHBHIGKO@?0?$AA@   000000018000c934     libvcruntime:undname.obj
 0002:00000938       ??_C@_02HCKGKOFO@?$CI?$CJ?$AA@ 000000018000c938     libvcruntime:undname.obj
 0002:0000093c       ??_C@_01PJKLJHI@?$HO?$AA@  000000018000c93c     libvcruntime:undname.obj
 0002:00000940       ??_C@_01JKBOJNNK@?$FO?$AA@ 000000018000c940     libvcruntime:undname.obj
 0002:00000944       ??_C@_01DNKMNLPK@?$HM?$AA@ 000000018000c944     libvcruntime:undname.obj
 0002:00000948       ??_C@_02PPKAJPJL@?$CG?$CG?$AA@ 000000018000c948     libvcruntime:undname.obj
 0002:0000094c       ??_C@_02NONPIBCD@?$HM?$HM?$AA@ 000000018000c94c     libvcruntime:undname.obj
 0002:00000950       ??_C@_02FPIMKNGF@?$CK?$DN?$AA@ 000000018000c950     libvcruntime:undname.obj
 0002:00000954       ??_C@_02FOEOMHFC@?$CL?$DN?$AA@ 000000018000c954     libvcruntime:undname.obj
 0002:00000958       ??_C@_02FKMDLLOA@?9?$DN?$AA@ 000000018000c958     libvcruntime:undname.obj
 0002:0000095c       ??_C@_02FJEHGPIO@?1?$DN?$AA@ 000000018000c95c     libvcruntime:undname.obj
 0002:00000960       ??_C@_02FENAOKFI@?$CF?$DN?$AA@ 000000018000c960     libvcruntime:undname.obj
 0002:00000964       ??_C@_03IKFCCPFF@?$DO?$DO?$DN?$AA@ 000000018000c964     libvcruntime:undname.obj
 0002:00000968       ??_C@_03CDNPDDLA@?$DM?$DM?$DN?$AA@ 000000018000c968     libvcruntime:undname.obj
 0002:0000096c       ??_C@_02FGJGFEAB@?$CG?$DN?$AA@ 000000018000c96c     libvcruntime:undname.obj
 0002:00000970       ??_C@_02DHLNPPGH@?$HM?$DN?$AA@ 000000018000c970     libvcruntime:undname.obj
 0002:00000974       ??_C@_02MHEGNOJ@?$FO?$DN?$AA@ 000000018000c974     libvcruntime:undname.obj
 0002:00000978       ??_C@_09IFPLHPGF@?$GAvftable?8?$AA@ 000000018000c978     libvcruntime:undname.obj
 0002:00000988       ??_C@_09BLBHBJP@?$GAvbtable?8?$AA@ 000000018000c988     libvcruntime:undname.obj
 0002:00000998       ??_C@_07FEEIOKP@?$GAvcall?8?$AA@ 000000018000c998     libvcruntime:undname.obj
 0002:000009a0       ??_C@_08LLFFHHDJ@?$GAtypeof?8?$AA@ 000000018000c9a0     libvcruntime:undname.obj
 0002:000009b0       ??_C@_0BF@KDPPACIK@?$GAlocal?5static?5guard?8?$AA@ 000000018000c9b0     libvcruntime:undname.obj
 0002:000009c8       ??_C@_08OBABFOLI@?$GAstring?8?$AA@ 000000018000c9c8     libvcruntime:undname.obj
 0002:000009d8       ??_C@_0BD@JDLKDPAB@?$GAvbase?5destructor?8?$AA@ 000000018000c9d8     libvcruntime:undname.obj
 0002:000009f0       ??_C@_0BN@DEGPLNFK@?$GAvector?5deleting?5destructor?8?$AA@ 000000018000c9f0     libvcruntime:undname.obj
 0002:00000a10       ??_C@_0BO@OBMKPJIG@?$GAdefault?5constructor?5closure?8?$AA@ 000000018000ca10     libvcruntime:undname.obj
 0002:00000a30       ??_C@_0BN@IMDCHIKM@?$GAscalar?5deleting?5destructor?8?$AA@ 000000018000ca30     libvcruntime:undname.obj
 0002:00000a50       ??_C@_0BO@PFGOCPJJ@?$GAvector?5constructor?5iterator?8?$AA@ 000000018000ca50     libvcruntime:undname.obj
 0002:00000a70       ??_C@_0BN@LFPFMEDL@?$GAvector?5destructor?5iterator?8?$AA@ 000000018000ca70     libvcruntime:undname.obj
 0002:00000a90       ??_C@_0CE@IKBNEHA@?$GAvector?5vbase?5constructor?5iterat@ 000000018000ca90     libvcruntime:undname.obj
 0002:00000ab8       ??_C@_0BL@NILFHHPC@?$GAvirtual?5displacement?5map?8?$AA@ 000000018000cab8     libvcruntime:undname.obj
 0002:00000ad8       ??_C@_0CB@JONCMFFK@?$GAeh?5vector?5constructor?5iterator?8@ 000000018000cad8     libvcruntime:undname.obj
 0002:00000b00       ??_C@_0CA@GCEOPDGL@?$GAeh?5vector?5destructor?5iterator?8?$AA@ 000000018000cb00     libvcruntime:undname.obj
 0002:00000b20       ??_C@_0CH@OOJPLCPH@?$GAeh?5vector?5vbase?5constructor?5ite@ 000000018000cb20     libvcruntime:undname.obj
 0002:00000b48       ??_C@_0BL@LLKPOHJI@?$GAcopy?5constructor?5closure?8?$AA@ 000000018000cb48     libvcruntime:undname.obj
 0002:00000b68       ??_C@_0BA@KBCDOMBN@?$GAudt?5returning?8?$AA@ 000000018000cb68     libvcruntime:undname.obj
 0002:00000b78       ??_C@_03KLGMFNMG@?$GAEH?$AA@ 000000018000cb78     libvcruntime:undname.obj
 0002:00000b7c       ??_C@_05KHLCHHI@?$GARTTI?$AA@ 000000018000cb7c     libvcruntime:undname.obj
 0002:00000b88       ??_C@_0BA@KKLDJDLB@?$GAlocal?5vftable?8?$AA@ 000000018000cb88     libvcruntime:undname.obj
 0002:00000b98       ??_C@_0CE@IIHCMGGL@?$GAlocal?5vftable?5constructor?5closu@ 000000018000cb98     libvcruntime:undname.obj
 0002:00000bbc       ??_C@_06FHBGPFGH@?5new?$FL?$FN?$AA@ 000000018000cbbc     libvcruntime:undname.obj
 0002:00000bc8       ??_C@_09LBNFPBCA@?5delete?$FL?$FN?$AA@ 000000018000cbc8     libvcruntime:undname.obj
 0002:00000bd8       ??_C@_0P@HJKNJFNN@?$GAomni?5callsig?8?$AA@ 000000018000cbd8     libvcruntime:undname.obj
 0002:00000be8       ??_C@_0BL@CNOONJFP@?$GAplacement?5delete?5closure?8?$AA@ 000000018000cbe8     libvcruntime:undname.obj
 0002:00000c08       ??_C@_0BN@CKNJLHMB@?$GAplacement?5delete?$FL?$FN?5closure?8?$AA@ 000000018000cc08     libvcruntime:undname.obj
 0002:00000c28       ??_C@_0CG@CFDHKGGD@?$GAmanaged?5vector?5constructor?5iter@ 000000018000cc28     libvcruntime:undname.obj
 0002:00000c50       ??_C@_0CF@IMGKMJNO@?$GAmanaged?5vector?5destructor?5itera@ 000000018000cc50     libvcruntime:undname.obj
 0002:00000c78       ??_C@_0CG@HLDDJMAG@?$GAeh?5vector?5copy?5constructor?5iter@ 000000018000cc78     libvcruntime:undname.obj
 0002:00000ca0       ??_C@_0CM@FCBBDIGB@?$GAeh?5vector?5vbase?5copy?5constructo@ 000000018000cca0     libvcruntime:undname.obj
 0002:00000cd0       ??_C@_0BL@CLIPGLGB@?$GAdynamic?5initializer?5for?5?8?$AA@ 000000018000ccd0     libvcruntime:undname.obj
 0002:00000cf0       ??_C@_0CB@PDBIFEP@?$GAdynamic?5atexit?5destructor?5for?5?8@ 000000018000ccf0     libvcruntime:undname.obj
 0002:00000d18       ??_C@_0CD@CGAJBKEJ@?$GAvector?5copy?5constructor?5iterato@ 000000018000cd18     libvcruntime:undname.obj
 0002:00000d40       ??_C@_0CJ@GJELGAMM@?$GAvector?5vbase?5copy?5constructor?5i@ 000000018000cd40     libvcruntime:undname.obj
 0002:00000d70       ??_C@_0CL@FGIJHLCE@?$GAmanaged?5vector?5copy?5constructor@ 000000018000cd70     libvcruntime:undname.obj
 0002:00000da0       ??_C@_0BM@PMGGMLDN@?$GAlocal?5static?5thread?5guard?8?$AA@ 000000018000cda0     libvcruntime:undname.obj
 0002:00000dc0       ??_C@_0N@BDNMDMOL@operator?5?$CC?$CC?5?$AA@ 000000018000cdc0     libvcruntime:undname.obj
 0002:00000dd0       ??_C@_0BC@GGEBGALA@operator?5co_await?$AA@ 000000018000cdd0     libvcruntime:undname.obj
 0002:00000de8       ??_C@_0BC@DAFEJGAK@?5Type?5Descriptor?8?$AA@ 000000018000cde8     libvcruntime:undname.obj
 0002:00000e18       ??_C@_1DM@KHCHBNEB@?$AAa?$AAp?$AAi?$AA?9?$AAm?$AAs?$AA?9?$AAw?$AAi?$AAn?$AA?9?$AAc?$AAo?$AAr?$AAe?$AA?9?$AAf?$AAi?$AAb?$AAe?$AAr?$AAs?$AA?9?$AAl?$AA1?$AA?9?$AA1?$AA?9?$AA1?$AA?$AA@ 000000018000ce18     libvcruntime:winapi_downlevel.obj
 0002:00000e58       ??_C@_1DK@LPPGFMPP@?$AAa?$AAp?$AAi?$AA?9?$AAm?$AAs?$AA?9?$AAw?$AAi?$AAn?$AA?9?$AAc?$AAo?$AAr?$AAe?$AA?9?$AAs?$AAy?$AAn?$AAc?$AAh?$AA?9?$AAl?$AA1?$AA?9?$AA2?$AA?9?$AA0?$AA?$AA@ 000000018000ce58     libvcruntime:winapi_downlevel.obj
 0002:00000e98       ??_C@_1BC@GDMECMAK@?$AAk?$AAe?$AAr?$AAn?$AAe?$AAl?$AA3?$AA2?$AA?$AA@ 000000018000ce98     libvcruntime:winapi_downlevel.obj
 0002:00000eb0       ??_C@_1BA@PFFKHIOG@?$AAa?$AAp?$AAi?$AA?9?$AAm?$AAs?$AA?9?$AA?$AA@ 000000018000ceb0     libvcruntime:winapi_downlevel.obj
 0002:00000ec0       ??_C@_1BA@IAIFMGEF@?$AAe?$AAx?$AAt?$AA?9?$AAm?$AAs?$AA?9?$AA?$AA@ 000000018000cec0     libvcruntime:winapi_downlevel.obj
 0002:00000ed8       ??_C@_08KNHFBNJ@FlsAlloc?$AA@ 000000018000ced8     libvcruntime:winapi_downlevel.obj
 0002:00000ef0       ??_C@_07PEJMOBNF@FlsFree?$AA@ 000000018000cef0     libvcruntime:winapi_downlevel.obj
 0002:00000f00       ??_C@_0M@GDNOONDI@FlsGetValue?$AA@ 000000018000cf00     libvcruntime:winapi_downlevel.obj
 0002:00000f18       ??_C@_0M@JCPCPOEF@FlsSetValue?$AA@ 000000018000cf18     libvcruntime:winapi_downlevel.obj
 0002:00000f30       ??_C@_0BM@HCFOFFN@InitializeCriticalSectionEx?$AA@ 000000018000cf30     libvcruntime:winapi_downlevel.obj
 0002:00000f50       __acrt_exception_action_table 000000018000cf50     libucrt:exception_filter.obj
 0002:00001010       __acrt_signal_action_table_count 000000018000d010     libucrt:exception_filter.obj
 0002:00001018       __acrt_signal_action_first_fpe_index 000000018000d018     libucrt:exception_filter.obj
 0002:00001020       __acrt_signal_action_fpe_count 000000018000d020     libucrt:exception_filter.obj
 0002:00001028       ??_C@_1BI@BGOHAHKC@?$AAm?$AAs?$AAc?$AAo?$AAr?$AAe?$AAe?$AA?4?$AAd?$AAl?$AAl?$AA?$AA@ 000000018000d028     libucrt:exit.obj
 0002:00001040       ??_C@_0P@MIGLKIOC@CorExitProcess?$AA@ 000000018000d040     libucrt:exit.obj
 0002:000012a0       ??_C@_03KOEHGMDN@Sun?$AA@  000000018000d2a0     libucrt:nlsdata.obj
 0002:000012a4       ??_C@_03PDAGKDH@Mon?$AA@   000000018000d2a4     libucrt:nlsdata.obj
 0002:000012a8       ??_C@_03NAGEINEP@Tue?$AA@  000000018000d2a8     libucrt:nlsdata.obj
 0002:000012ac       ??_C@_03MHOMLAJA@Wed?$AA@  000000018000d2ac     libucrt:nlsdata.obj
 0002:000012b0       ??_C@_03IOFIKPDN@Thu?$AA@  000000018000d2b0     libucrt:nlsdata.obj
 0002:000012b4       ??_C@_03IDIOELNC@Fri?$AA@  000000018000d2b4     libucrt:nlsdata.obj
 0002:000012b8       ??_C@_03FEFJNEK@Sat?$AA@   000000018000d2b8     libucrt:nlsdata.obj
 0002:000012bc       ??_C@_06OOPIFAJ@Sunday?$AA@ 000000018000d2bc     libucrt:nlsdata.obj
 0002:000012c4       ??_C@_06JLEDEDGH@Monday?$AA@ 000000018000d2c4     libucrt:nlsdata.obj
 0002:000012d0       ??_C@_07BAAGCFCM@Tuesday?$AA@ 000000018000d2d0     libucrt:nlsdata.obj
 0002:000012d8       ??_C@_09DLIGFAKA@Wednesday?$AA@ 000000018000d2d8     libucrt:nlsdata.obj
 0002:000012e8       ??_C@_08HACCIKIA@Thursday?$AA@ 000000018000d2e8     libucrt:nlsdata.obj
 0002:000012f4       ??_C@_06JECMNKMI@Friday?$AA@ 000000018000d2f4     libucrt:nlsdata.obj
 0002:00001300       ??_C@_08INBOOONO@Saturday?$AA@ 000000018000d300     libucrt:nlsdata.obj
 0002:0000130c       ??_C@_03JIHJHPIE@Jan?$AA@  000000018000d30c     libucrt:nlsdata.obj
 0002:00001310       ??_C@_03HJBDCHOM@Feb?$AA@  000000018000d310     libucrt:nlsdata.obj
 0002:00001314       ??_C@_03ODNJBKGA@Mar?$AA@  000000018000d314     libucrt:nlsdata.obj
 0002:00001318       ??_C@_03LEOLGMJP@Apr?$AA@  000000018000d318     libucrt:nlsdata.obj
 0002:0000131c       ??_C@_03CNMDKL@May?$AA@    000000018000d31c     libucrt:nlsdata.obj
 0002:00001320       ??_C@_03IDFGHECI@Jun?$AA@  000000018000d320     libucrt:nlsdata.obj
 0002:00001324       ??_C@_03LBGABGKK@Jul?$AA@  000000018000d324     libucrt:nlsdata.obj
 0002:00001328       ??_C@_03IFJFEIGA@Aug?$AA@  000000018000d328     libucrt:nlsdata.obj
 0002:0000132c       ??_C@_03GGCAPAJC@Sep?$AA@  000000018000d32c     libucrt:nlsdata.obj
 0002:00001330       ??_C@_03BMAOKBAD@Oct?$AA@  000000018000d330     libucrt:nlsdata.obj
 0002:00001334       ??_C@_03JPJOFNIA@Nov?$AA@  000000018000d334     libucrt:nlsdata.obj
 0002:00001338       ??_C@_03MKABNOCG@Dec?$AA@  000000018000d338     libucrt:nlsdata.obj
 0002:00001340       ??_C@_07CGJPFGJA@January?$AA@ 000000018000d340     libucrt:nlsdata.obj
 0002:00001348       ??_C@_08GNJGEPFN@February?$AA@ 000000018000d348     libucrt:nlsdata.obj
 0002:00001354       ??_C@_05HPCKOFNC@March?$AA@ 000000018000d354     libucrt:nlsdata.obj
 0002:0000135c       ??_C@_05DMJDNLEJ@April?$AA@ 000000018000d35c     libucrt:nlsdata.obj
 0002:00001364       ??_C@_04CNLMGBGM@June?$AA@ 000000018000d364     libucrt:nlsdata.obj
 0002:0000136c       ??_C@_04MIEPOIFP@July?$AA@ 000000018000d36c     libucrt:nlsdata.obj
 0002:00001374       ??_C@_06LBBHFDDG@August?$AA@ 000000018000d374     libucrt:nlsdata.obj
 0002:00001380       ??_C@_09BHHEALKD@September?$AA@ 000000018000d380     libucrt:nlsdata.obj
 0002:00001390       ??_C@_07JJNFCEND@October?$AA@ 000000018000d390     libucrt:nlsdata.obj
 0002:00001398       ??_C@_08HCHEGEOA@November?$AA@ 000000018000d398     libucrt:nlsdata.obj
 0002:000013a8       ??_C@_08EDHMEBNP@December?$AA@ 000000018000d3a8     libucrt:nlsdata.obj
 0002:000013b4       ??_C@_02DEDBPAFC@AM?$AA@   000000018000d3b4     libucrt:nlsdata.obj
 0002:000013b8       ??_C@_02CJNFDJBF@PM?$AA@   000000018000d3b8     libucrt:nlsdata.obj
 0002:000013c0       ??_C@_08BPBNCDIB@MM?1dd?1yy?$AA@ 000000018000d3c0     libucrt:nlsdata.obj
 0002:000013d0       ??_C@_0BE@CKGJFCPC@dddd?0?5MMMM?5dd?0?5yyyy?$AA@ 000000018000d3d0     libucrt:nlsdata.obj
 0002:000013e8       ??_C@_08JCCMCCIL@HH?3mm?3ss?$AA@ 000000018000d3e8     libucrt:nlsdata.obj
 0002:000013f8       ??_C@_17MBGCMIPB@?$AAS?$AAu?$AAn?$AA?$AA@ 000000018000d3f8     libucrt:nlsdata.obj
 0002:00001400       ??_C@_17KBOMKBF@?$AAM?$AAo?$AAn?$AA?$AA@ 000000018000d400     libucrt:nlsdata.obj
 0002:00001408       ??_C@_17BMKGEGOJ@?$AAT?$AAu?$AAe?$AA?$AA@ 000000018000d408     libucrt:nlsdata.obj
 0002:00001410       ??_C@_17CJEDCEPE@?$AAW?$AAe?$AAd?$AA?$AA@ 000000018000d410     libucrt:nlsdata.obj
 0002:00001418       ??_C@_17PDPHAADD@?$AAT?$AAh?$AAu?$AA?$AA@ 000000018000d418     libucrt:nlsdata.obj
 0002:00001420       ??_C@_17HFOLPPLP@?$AAF?$AAr?$AAi?$AA?$AA@ 000000018000d420     libucrt:nlsdata.obj
 0002:00001428       ??_C@_17GGIBDPIH@?$AAS?$AAa?$AAt?$AA?$AA@ 000000018000d428     libucrt:nlsdata.obj
 0002:00001430       ??_C@_1O@IHNHDHPB@?$AAS?$AAu?$AAn?$AAd?$AAa?$AAy?$AA?$AA@ 000000018000d430     libucrt:nlsdata.obj
 0002:00001440       ??_C@_1O@MMNBFLIA@?$AAM?$AAo?$AAn?$AAd?$AAa?$AAy?$AA?$AA@ 000000018000d440     libucrt:nlsdata.obj
 0002:00001450       ??_C@_1BA@ENFBFFEK@?$AAT?$AAu?$AAe?$AAs?$AAd?$AAa?$AAy?$AA?$AA@ 000000018000d450     libucrt:nlsdata.obj
 0002:00001460       ??_C@_1BE@EBOGMDOH@?$AAW?$AAe?$AAd?$AAn?$AAe?$AAs?$AAd?$AAa?$AAy?$AA?$AA@ 000000018000d460     libucrt:nlsdata.obj
 0002:00001478       ??_C@_1BC@HHMNLIHE@?$AAT?$AAh?$AAu?$AAr?$AAs?$AAd?$AAa?$AAy?$AA?$AA@ 000000018000d478     libucrt:nlsdata.obj
 0002:00001490       ??_C@_1O@PDICJHAG@?$AAF?$AAr?$AAi?$AAd?$AAa?$AAy?$AA?$AA@ 000000018000d490     libucrt:nlsdata.obj
 0002:000014a0       ??_C@_1BC@ENMNNPAJ@?$AAS?$AAa?$AAt?$AAu?$AAr?$AAd?$AAa?$AAy?$AA?$AA@ 000000018000d4a0     libucrt:nlsdata.obj
 0002:000014b8       ??_C@_17DKNBKCHM@?$AAJ?$AAa?$AAn?$AA?$AA@ 000000018000d4b8     libucrt:nlsdata.obj
 0002:000014c0       ??_C@_17LMDJEKJN@?$AAF?$AAe?$AAb?$AA?$AA@ 000000018000d4c0     libucrt:nlsdata.obj
 0002:000014c8       ??_C@_17CKNLEDEC@?$AAM?$AAa?$AAr?$AA?$AA@ 000000018000d4c8     libucrt:nlsdata.obj
 0002:000014d0       ??_C@_17LFPOIHDD@?$AAA?$AAp?$AAr?$AA?$AA@ 000000018000d4d0     libucrt:nlsdata.obj
 0002:000014d8       ??_C@_17PNNKMEED@?$AAM?$AAa?$AAy?$AA?$AA@ 000000018000d4d8     libucrt:nlsdata.obj
 0002:000014e0       ??_C@_17KCJGOCPB@?$AAJ?$AAu?$AAn?$AA?$AA@ 000000018000d4e0     libucrt:nlsdata.obj
 0002:000014e8       ??_C@_17IJPCKHK@?$AAJ?$AAu?$AAl?$AA?$AA@ 000000018000d4e8     libucrt:nlsdata.obj
 0002:000014f0       ??_C@_17ICPELBCN@?$AAA?$AAu?$AAg?$AA?$AA@ 000000018000d4f0     libucrt:nlsdata.obj
 0002:000014f8       ??_C@_17HCHCOKMG@?$AAS?$AAe?$AAp?$AA?$AA@ 000000018000d4f8     libucrt:nlsdata.obj
 0002:00001500       ??_C@_17FNLKOI@?$AAO?$AAc?$AAt?$AA?$AA@ 000000018000d500     libucrt:nlsdata.obj
 0002:00001508       ??_C@_17BBDMLCIG@?$AAN?$AAo?$AAv?$AA?$AA@ 000000018000d508     libucrt:nlsdata.obj
 0002:00001510       ??_C@_17EGKACKIF@?$AAD?$AAe?$AAc?$AA?$AA@ 000000018000d510     libucrt:nlsdata.obj
 0002:00001518       ??_C@_1BA@EFMEIEBA@?$AAJ?$AAa?$AAn?$AAu?$AAa?$AAr?$AAy?$AA?$AA@ 000000018000d518     libucrt:nlsdata.obj
 0002:00001528       ??_C@_1BC@JGDDFFAM@?$AAF?$AAe?$AAb?$AAr?$AAu?$AAa?$AAr?$AAy?$AA?$AA@ 000000018000d528     libucrt:nlsdata.obj
 0002:00001540       ??_C@_1M@IKEENEDF@?$AAM?$AAa?$AAr?$AAc?$AAh?$AA?$AA@ 000000018000d540     libucrt:nlsdata.obj
 0002:00001550       ??_C@_1M@GJNLMHFD@?$AAA?$AAp?$AAr?$AAi?$AAl?$AA?$AA@ 000000018000d550     libucrt:nlsdata.obj
 0002:00001560       ??_C@_19EPFLPGAP@?$AAJ?$AAu?$AAn?$AAe?$AA?$AA@ 000000018000d560     libucrt:nlsdata.obj
 0002:00001570       ??_C@_19BIFMLPCD@?$AAJ?$AAu?$AAl?$AAy?$AA?$AA@ 000000018000d570     libucrt:nlsdata.obj
 0002:00001580       ??_C@_1O@PAHLKOAC@?$AAA?$AAu?$AAg?$AAu?$AAs?$AAt?$AA?$AA@ 000000018000d580     libucrt:nlsdata.obj
 0002:00001590       ??_C@_1BE@DKAAMBJL@?$AAS?$AAe?$AAp?$AAt?$AAe?$AAm?$AAb?$AAe?$AAr?$AA?$AA@ 000000018000d590     libucrt:nlsdata.obj
 0002:000015a8       ??_C@_1BA@EPANDLNG@?$AAO?$AAc?$AAt?$AAo?$AAb?$AAe?$AAr?$AA?$AA@ 000000018000d5a8     libucrt:nlsdata.obj
 0002:000015b8       ??_C@_1BC@BGLIFPF@?$AAN?$AAo?$AAv?$AAe?$AAm?$AAb?$AAe?$AAr?$AA?$AA@ 000000018000d5b8     libucrt:nlsdata.obj
 0002:000015d0       ??_C@_1BC@FEMKIFH@?$AAD?$AAe?$AAc?$AAe?$AAm?$AAb?$AAe?$AAr?$AA?$AA@ 000000018000d5d0     libucrt:nlsdata.obj
 0002:000015e4       ??_C@_15ODEHAHHF@?$AAA?$AAM?$AA?$AA@ 000000018000d5e4     libucrt:nlsdata.obj
 0002:000015ec       ??_C@_15CLMNNGEL@?$AAP?$AAM?$AA?$AA@ 000000018000d5ec     libucrt:nlsdata.obj
 0002:000015f8       ??_C@_1BC@IEBCMHCM@?$AAM?$AAM?$AA?1?$AAd?$AAd?$AA?1?$AAy?$AAy?$AA?$AA@ 000000018000d5f8     libucrt:nlsdata.obj
 0002:00001610       ??_C@_1CI@KNAKOEBC@?$AAd?$AAd?$AAd?$AAd?$AA?0?$AA?5?$AAM?$AAM?$AAM?$AAM?$AA?5?$AAd?$AAd?$AA?0?$AA?5?$AAy?$AAy?$AAy?$AAy?$AA?$AA@ 000000018000d610     libucrt:nlsdata.obj
 0002:00001638       ??_C@_1BC@GDGBMEMK@?$AAH?$AAH?$AA?3?$AAm?$AAm?$AA?3?$AAs?$AAs?$AA?$AA@ 000000018000d638     libucrt:nlsdata.obj
 0002:00001650       ??_C@_1M@BMHNFIME@?$AAe?$AAn?$AA?9?$AAU?$AAS?$AA?$AA@ 000000018000d650     libucrt:nlsdata.obj
 0002:00001660       __lc_time_c                000000018000d660     libucrt:nlsdata.obj
 0002:00001940       ??_C@_1M@HPNHIDJI@?$AAj?$AAa?$AA?9?$AAJ?$AAP?$AA?$AA@ 000000018000d940     libucrt:mbctype.obj
 0002:00001950       ??_C@_1M@BIBDDEMK@?$AAz?$AAh?$AA?9?$AAC?$AAN?$AA?$AA@ 000000018000d950     libucrt:mbctype.obj
 0002:00001960       ??_C@_1M@JLOOOEGK@?$AAk?$AAo?$AA?9?$AAK?$AAR?$AA?$AA@ 000000018000d960     libucrt:mbctype.obj
 0002:00001970       ??_C@_1M@CLNBBOPM@?$AAz?$AAh?$AA?9?$AAT?$AAW?$AA?$AA@ 000000018000d970     libucrt:mbctype.obj
 0002:00001a20       ??_C@_1EA@JGEFHKEI@?$AAa?$AAp?$AAi?$AA?9?$AAm?$AAs?$AA?9?$AAw?$AAi?$AAn?$AA?9?$AAc?$AAo?$AAr?$AAe?$AA?9?$AAd?$AAa?$AAt?$AAe?$AAt?$AAi?$AAm?$AAe?$AA?9?$AAl?$AA1?$AA?9?$AA1?$AA?9?$AA1?$AA?$AA@ 000000018000da20     libucrt:winapi_thunks.obj
 0002:00001a60       ??_C@_1DI@IJCEHOCB@?$AAa?$AAp?$AAi?$AA?9?$AAm?$AAs?$AA?9?$AAw?$AAi?$AAn?$AA?9?$AAc?$AAo?$AAr?$AAe?$AA?9?$AAf?$AAi?$AAl?$AAe?$AA?9?$AAl?$AA1?$AA?9?$AA2?$AA?9?$AA2?$AA?$AA@ 000000018000da60     libucrt:winapi_thunks.obj
 0002:00001aa0       ??_C@_1EI@MPIAOHOC@?$AAa?$AAp?$AAi?$AA?9?$AAm?$AAs?$AA?9?$AAw?$AAi?$AAn?$AA?9?$AAc?$AAo?$AAr?$AAe?$AA?9?$AAl?$AAo?$AAc?$AAa?$AAl?$AAi?$AAz?$AAa?$AAt?$AAi?$AAo?$AAn?$AA?9?$AAl?$AA1?$AA?9@ 000000018000daa0     libucrt:winapi_thunks.obj
 0002:00001af0       ??_C@_1FK@FPHCKFIE@?$AAa?$AAp?$AAi?$AA?9?$AAm?$AAs?$AA?9?$AAw?$AAi?$AAn?$AA?9?$AAc?$AAo?$AAr?$AAe?$AA?9?$AAl?$AAo?$AAc?$AAa?$AAl?$AAi?$AAz?$AAa?$AAt?$AAi?$AAo?$AAn?$AA?9?$AAo?$AAb?$AAs@ 000000018000daf0     libucrt:winapi_thunks.obj
 0002:00001b50       ??_C@_1EM@DILCGIIO@?$AAa?$AAp?$AAi?$AA?9?$AAm?$AAs?$AA?9?$AAw?$AAi?$AAn?$AA?9?$AAc?$AAo?$AAr?$AAe?$AA?9?$AAp?$AAr?$AAo?$AAc?$AAe?$AAs?$AAs?$AAt?$AAh?$AAr?$AAe?$AAa?$AAd?$AAs?$AA?9?$AAl@ 000000018000db50     libucrt:winapi_thunks.obj
 0002:00001ba0       ??_C@_1DM@LNCGDDPN@?$AAa?$AAp?$AAi?$AA?9?$AAm?$AAs?$AA?9?$AAw?$AAi?$AAn?$AA?9?$AAc?$AAo?$AAr?$AAe?$AA?9?$AAs?$AAt?$AAr?$AAi?$AAn?$AAg?$AA?9?$AAl?$AA1?$AA?9?$AA1?$AA?9?$AA0?$AA?$AA@ 000000018000dba0     libucrt:winapi_thunks.obj
 0002:00001be0       ??_C@_1DO@FPAPJEMD@?$AAa?$AAp?$AAi?$AA?9?$AAm?$AAs?$AA?9?$AAw?$AAi?$AAn?$AA?9?$AAc?$AAo?$AAr?$AAe?$AA?9?$AAs?$AAy?$AAs?$AAi?$AAn?$AAf?$AAo?$AA?9?$AAl?$AA1?$AA?9?$AA2?$AA?9?$AA1?$AA?$AA@ 000000018000dbe0     libucrt:winapi_thunks.obj
 0002:00001c20       ??_C@_1DK@NDHNAHIO@?$AAa?$AAp?$AAi?$AA?9?$AAm?$AAs?$AA?9?$AAw?$AAi?$AAn?$AA?9?$AAc?$AAo?$AAr?$AAe?$AA?9?$AAw?$AAi?$AAn?$AAr?$AAt?$AA?9?$AAl?$AA1?$AA?9?$AA1?$AA?9?$AA0?$AA?$AA@ 000000018000dc20     libucrt:winapi_thunks.obj
 0002:00001c60       ??_C@_1DM@KGHDGBCM@?$AAa?$AAp?$AAi?$AA?9?$AAm?$AAs?$AA?9?$AAw?$AAi?$AAn?$AA?9?$AAc?$AAo?$AAr?$AAe?$AA?9?$AAx?$AAs?$AAt?$AAa?$AAt?$AAe?$AA?9?$AAl?$AA2?$AA?9?$AA1?$AA?9?$AA0?$AA?$AA@ 000000018000dc60     libucrt:winapi_thunks.obj
 0002:00001ca0       ??_C@_1EO@IJIOEFOH@?$AAa?$AAp?$AAi?$AA?9?$AAm?$AAs?$AA?9?$AAw?$AAi?$AAn?$AA?9?$AAr?$AAt?$AAc?$AAo?$AAr?$AAe?$AA?9?$AAn?$AAt?$AAu?$AAs?$AAe?$AAr?$AA?9?$AAw?$AAi?$AAn?$AAd?$AAo?$AAw?$AA?9@ 000000018000dca0     libucrt:winapi_thunks.obj
 0002:00001cf0       ??_C@_1FG@HHGEKANL@?$AAa?$AAp?$AAi?$AA?9?$AAm?$AAs?$AA?9?$AAw?$AAi?$AAn?$AA?9?$AAs?$AAe?$AAc?$AAu?$AAr?$AAi?$AAt?$AAy?$AA?9?$AAs?$AAy?$AAs?$AAt?$AAe?$AAm?$AAf?$AAu?$AAn?$AAc?$AAt?$AAi@ 000000018000dcf0     libucrt:winapi_thunks.obj
 0002:00001d50       ??_C@_1EG@DBIOJECG@?$AAe?$AAx?$AAt?$AA?9?$AAm?$AAs?$AA?9?$AAw?$AAi?$AAn?$AA?9?$AAn?$AAt?$AAu?$AAs?$AAe?$AAr?$AA?9?$AAd?$AAi?$AAa?$AAl?$AAo?$AAg?$AAb?$AAo?$AAx?$AA?9?$AAl?$AA1?$AA?9?$AA1@ 000000018000dd50     libucrt:winapi_thunks.obj
 0002:00001da0       ??_C@_1EO@FIHMJCLF@?$AAe?$AAx?$AAt?$AA?9?$AAm?$AAs?$AA?9?$AAw?$AAi?$AAn?$AA?9?$AAn?$AAt?$AAu?$AAs?$AAe?$AAr?$AA?9?$AAw?$AAi?$AAn?$AAd?$AAo?$AAw?$AAs?$AAt?$AAa?$AAt?$AAi?$AAo?$AAn?$AA?9@ 000000018000dda0     libucrt:winapi_thunks.obj
 0002:00001df0       ??_C@_1BC@DNHGCMLG@?$AAa?$AAd?$AAv?$AAa?$AAp?$AAi?$AA3?$AA2?$AA?$AA@ 000000018000ddf0     libucrt:winapi_thunks.obj
 0002:00001e08       ??_C@_1M@OAIMIKLP@?$AAn?$AAt?$AAd?$AAl?$AAl?$AA?$AA@ 000000018000de08     libucrt:winapi_thunks.obj
 0002:00001e20       ??_C@_1EG@DPGNFKGC@?$AAa?$AAp?$AAi?$AA?9?$AAm?$AAs?$AA?9?$AAw?$AAi?$AAn?$AA?9?$AAa?$AAp?$AAp?$AAm?$AAo?$AAd?$AAe?$AAl?$AA?9?$AAr?$AAu?$AAn?$AAt?$AAi?$AAm?$AAe?$AA?9?$AAl?$AA1?$AA?9?$AA1@ 000000018000de20     libucrt:winapi_thunks.obj
 0002:00001e68       ??_C@_1O@BCCLBEOE@?$AAu?$AAs?$AAe?$AAr?$AA3?$AA2?$AA?$AA@ 000000018000de68     libucrt:winapi_thunks.obj
 0002:00001ea8       ??_C@_0O@KKBNKAPF@LCMapStringEx?$AA@ 000000018000dea8     libucrt:winapi_thunks.obj
 0002:00001ec0       ??_C@_0BB@HBDEELFH@LocaleNameToLCID?$AA@ 000000018000dec0     libucrt:winapi_thunks.obj
 0002:00001ed8       ??_C@_0CF@OJOFEIGO@AppPolicyGetProcessTerminationMe@ 000000018000ded8     libucrt:winapi_thunks.obj
 0002:00001f00       __newctype                 000000018000df00     libucrt:ctype.obj
 0002:00002200       __newclmap                 000000018000e200     libucrt:ctype.obj
 0002:00002380       __newcumap                 000000018000e380     libucrt:ctype.obj
 0002:00002500       ??_C@_15PJPFLCCM@?$AAu?$AAk?$AA?$AA@ 000000018000e500     libucrt:get_qualified_locale.obj
 0002:00003350       ??_C@_15EMKDOKLE@?$AAa?$AAr?$AA?$AA@ 000000018000f350     libucrt:lcidtoname_downlevel.obj
 0002:00003358       ??_C@_15KNPADPLH@?$AAb?$AAg?$AA?$AA@ 000000018000f358     libucrt:lcidtoname_downlevel.obj
 0002:00003360       ??_C@_15EDMHLDMO@?$AAc?$AAa?$AA?$AA@ 000000018000f360     libucrt:lcidtoname_downlevel.obj
 0002:00003368       ??_C@_1O@BPEAJADD@?$AAz?$AAh?$AA?9?$AAC?$AAH?$AAS?$AA?$AA@ 000000018000f368     libucrt:lcidtoname_downlevel.obj
 0002:00003378       ??_C@_15LJNHCMNK@?$AAc?$AAs?$AA?$AA@ 000000018000f378     libucrt:lcidtoname_downlevel.obj
 0002:00003380       ??_C@_15FOMCIDHG@?$AAd?$AAa?$AA?$AA@ 000000018000f380     libucrt:lcidtoname_downlevel.obj
 0002:00003388       ??_C@_15NBKABECB@?$AAd?$AAe?$AA?$AA@ 000000018000f388     libucrt:lcidtoname_downlevel.obj
 0002:00003390       ??_C@_15GHPEIIAO@?$AAe?$AAl?$AA?$AA@ 000000018000f390     libucrt:lcidtoname_downlevel.obj
 0002:00003398       ??_C@_15MNPNEAIF@?$AAe?$AAn?$AA?$AA@ 000000018000f398     libucrt:lcidtoname_downlevel.obj
 0002:000033a0       ??_C@_15GPIOMPMH@?$AAe?$AAs?$AA?$AA@ 000000018000f3a0     libucrt:lcidtoname_downlevel.obj
 0002:000033a8       ??_C@_15NGLOAKJC@?$AAf?$AAi?$AA?$AA@ 000000018000f3a8     libucrt:lcidtoname_downlevel.obj
 0002:000033b0       ??_C@_15FBKGNKAM@?$AAf?$AAr?$AA?$AA@ 000000018000f3b0     libucrt:lcidtoname_downlevel.obj
 0002:000033b8       ??_C@_15KGGCNEFK@?$AAh?$AAe?$AA?$AA@ 000000018000f3b8     libucrt:lcidtoname_downlevel.obj
 0002:000033c0       ??_C@_15PGHLIDMF@?$AAh?$AAu?$AA?$AA@ 000000018000f3c0     libucrt:lcidtoname_downlevel.obj
 0002:000033c8       ??_C@_15BIEMAPLM@?$AAi?$AAs?$AA?$AA@ 000000018000f3c8     libucrt:lcidtoname_downlevel.obj
 0002:000033d0       ??_C@_15IFJLDHAF@?$AAi?$AAt?$AA?$AA@ 000000018000f3d0     libucrt:lcidtoname_downlevel.obj
 0002:000033d8       ??_C@_15GEMIOCAG@?$AAj?$AAa?$AA?$AA@ 000000018000f3d8     libucrt:lcidtoname_downlevel.obj
 0002:000033e0       ??_C@_15EPELEGJA@?$AAk?$AAo?$AA?$AA@ 000000018000f3e0     libucrt:lcidtoname_downlevel.obj
 0002:000033e8       ??_C@_15NDDHIMN@?$AAn?$AAl?$AA?$AA@ 000000018000f3e8     libucrt:lcidtoname_downlevel.obj
 0002:000033f0       ??_C@_15BPIGNHCD@?$AAn?$AAo?$AA?$AA@ 000000018000f3f0     libucrt:lcidtoname_downlevel.obj
 0002:000033f8       ??_C@_15DEOPBLCG@?$AAp?$AAl?$AA?$AA@ 000000018000f3f8     libucrt:lcidtoname_downlevel.obj
 0002:00003400       ??_C@_15KBECGEFG@?$AAp?$AAt?$AA?$AA@ 000000018000f400     libucrt:lcidtoname_downlevel.obj
 0002:00003408       ??_C@_15GLJCBFMD@?$AAr?$AAo?$AA?$AA@ 000000018000f408     libucrt:lcidtoname_downlevel.obj
 0002:00003410       ??_C@_15FEDGKCDI@?$AAr?$AAu?$AA?$AA@ 000000018000f410     libucrt:lcidtoname_downlevel.obj
 0002:00003418       ??_C@_15GLKMLLHM@?$AAh?$AAr?$AA?$AA@ 000000018000f418     libucrt:lcidtoname_downlevel.obj
 0002:00003420       ??_C@_15CPKMFBDB@?$AAs?$AAk?$AA?$AA@ 000000018000f420     libucrt:lcidtoname_downlevel.obj
 0002:00003428       ??_C@_15BAAIOGMK@?$AAs?$AAq?$AA?$AA@ 000000018000f428     libucrt:lcidtoname_downlevel.obj
 0002:00003430       ??_C@_15INNPNOHD@?$AAs?$AAv?$AA?$AA@ 000000018000f430     libucrt:lcidtoname_downlevel.obj
 0002:00003438       ??_C@_15CABMMOGH@?$AAt?$AAh?$AA?$AA@ 000000018000f438     libucrt:lcidtoname_downlevel.obj
 0002:00003440       ??_C@_15BPLIHJJM@?$AAt?$AAr?$AA?$AA@ 000000018000f440     libucrt:lcidtoname_downlevel.obj
 0002:00003448       ??_C@_15NEOEKKDJ@?$AAu?$AAr?$AA?$AA@ 000000018000f448     libucrt:lcidtoname_downlevel.obj
 0002:00003450       ??_C@_15NFICGAJK@?$AAi?$AAd?$AA?$AA@ 000000018000f450     libucrt:lcidtoname_downlevel.obj
 0002:00003458       ??_C@_15HPJPHDM@?$AAb?$AAe?$AA?$AA@ 000000018000f458     libucrt:lcidtoname_downlevel.obj
 0002:00003460       ??_C@_15LCHLGJII@?$AAs?$AAl?$AA?$AA@ 000000018000f460     libucrt:lcidtoname_downlevel.obj
 0002:00003468       ??_C@_15PCFJPHHO@?$AAe?$AAt?$AA?$AA@ 000000018000f468     libucrt:lcidtoname_downlevel.obj
 0002:00003470       ??_C@_15HPFPGODN@?$AAl?$AAv?$AA?$AA@ 000000018000f470     libucrt:lcidtoname_downlevel.obj
 0002:00003478       ??_C@_15NFFGKGLG@?$AAl?$AAt?$AA?$AA@ 000000018000f478     libucrt:lcidtoname_downlevel.obj
 0002:00003480       ??_C@_15BDAKCCHN@?$AAf?$AAa?$AA?$AA@ 000000018000f480     libucrt:lcidtoname_downlevel.obj
 0002:00003488       ??_C@_15NFGIAIAJ@?$AAv?$AAi?$AA?$AA@ 000000018000f488     libucrt:lcidtoname_downlevel.obj
 0002:00003490       ??_C@_15LMKNDMHN@?$AAh?$AAy?$AA?$AA@ 000000018000f490     libucrt:lcidtoname_downlevel.obj
 0002:00003498       ??_C@_15IJBHMCFL@?$AAa?$AAz?$AA?$AA@ 000000018000f498     libucrt:lcidtoname_downlevel.obj
 0002:000034a0       ??_C@_15EKOFJABL@?$AAe?$AAu?$AA?$AA@ 000000018000f4a0     libucrt:lcidtoname_downlevel.obj
 0002:000034a8       ??_C@_15BGHADCNK@?$AAm?$AAk?$AA?$AA@ 000000018000f4a8     libucrt:lcidtoname_downlevel.obj
 0002:000034b0       ??_C@_15JDNICKHM@?$AAa?$AAf?$AA?$AA@ 000000018000f4b0     libucrt:lcidtoname_downlevel.obj
 0002:000034b8       ??_C@_15KPJEDBKD@?$AAk?$AAa?$AA?$AA@ 000000018000f4b8     libucrt:lcidtoname_downlevel.obj
 0002:000034c0       ??_C@_15PDNFFFEO@?$AAf?$AAo?$AA?$AA@ 000000018000f4c0     libucrt:lcidtoname_downlevel.obj
 0002:000034c8       ??_C@_15OMLEGLOC@?$AAh?$AAi?$AA?$AA@ 000000018000f4c8     libucrt:lcidtoname_downlevel.obj
 0002:000034d0       ??_C@_15IDNNENKK@?$AAm?$AAs?$AA?$AA@ 000000018000f4d0     libucrt:lcidtoname_downlevel.obj
 0002:000034d8       ??_C@_15MACJNBMH@?$AAk?$AAk?$AA?$AA@ 000000018000f4d8     libucrt:lcidtoname_downlevel.obj
 0002:000034e0       ??_C@_15DKDJEOND@?$AAk?$AAy?$AA?$AA@ 000000018000f4e0     libucrt:lcidtoname_downlevel.obj
 0002:000034e8       ??_C@_15DFGDLJBG@?$AAs?$AAw?$AA?$AA@ 000000018000f4e8     libucrt:lcidtoname_downlevel.obj
 0002:000034f0       ??_C@_15BBFAICNG@?$AAu?$AAz?$AA?$AA@ 000000018000f4f0     libucrt:lcidtoname_downlevel.obj
 0002:000034f8       ??_C@_15DKNDCGEA@?$AAt?$AAt?$AA?$AA@ 000000018000f4f8     libucrt:lcidtoname_downlevel.obj
 0002:00003500       ??_C@_15MGIFMDPL@?$AAp?$AAa?$AA?$AA@ 000000018000f500     libucrt:lcidtoname_downlevel.obj
 0002:00003508       ??_C@_15HCNDBBA@?$AAg?$AAu?$AA?$AA@ 000000018000f508     libucrt:lcidtoname_downlevel.obj
 0002:00003510       ??_C@_15FNBEIBON@?$AAt?$AAa?$AA?$AA@ 000000018000f510     libucrt:lcidtoname_downlevel.obj
 0002:00003518       ??_C@_15NCHGBGLK@?$AAt?$AAe?$AA?$AA@ 000000018000f518     libucrt:lcidtoname_downlevel.obj
 0002:00003520       ??_C@_15PHPHCBPF@?$AAk?$AAn?$AA?$AA@ 000000018000f520     libucrt:lcidtoname_downlevel.obj
 0002:00003528       ??_C@_15DLGBCKMP@?$AAm?$AAr?$AA?$AA@ 000000018000f528     libucrt:lcidtoname_downlevel.obj
 0002:00003530       ??_C@_15EABBLBFF@?$AAs?$AAa?$AA?$AA@ 000000018000f530     libucrt:lcidtoname_downlevel.obj
 0002:00003538       ??_C@_15CBKOMCOI@?$AAm?$AAn?$AA?$AA@ 000000018000f538     libucrt:lcidtoname_downlevel.obj
 0002:00003540       ??_C@_15CKDMCJAF@?$AAg?$AAl?$AA?$AA@ 000000018000f540     libucrt:lcidtoname_downlevel.obj
 0002:00003548       ??_C@_17CNJFBPG@?$AAk?$AAo?$AAk?$AA?$AA@ 000000018000f548     libucrt:lcidtoname_downlevel.obj
 0002:00003550       ??_C@_17FFBJICPL@?$AAs?$AAy?$AAr?$AA?$AA@ 000000018000f550     libucrt:lcidtoname_downlevel.obj
 0002:00003558       ??_C@_17KPNDCPAF@?$AAd?$AAi?$AAv?$AA?$AA@ 000000018000f558     libucrt:lcidtoname_downlevel.obj
 0002:00003560       ??_C@_11LOCGONAA@?$AA?$AA@ 000000018000f560     libucrt:lcidtoname_downlevel.obj
 0002:00003568       ??_C@_1M@OKAHONE@?$AAa?$AAr?$AA?9?$AAS?$AAA?$AA?$AA@ 000000018000f568     libucrt:lcidtoname_downlevel.obj
 0002:00003578       ??_C@_1M@FFFIGIGK@?$AAb?$AAg?$AA?9?$AAB?$AAG?$AA?$AA@ 000000018000f578     libucrt:lcidtoname_downlevel.obj
 0002:00003588       ??_C@_1M@BJNKEDC@?$AAc?$AAa?$AA?9?$AAE?$AAS?$AA?$AA@ 000000018000f588     libucrt:lcidtoname_downlevel.obj
 0002:00003598       ??_C@_1M@IJJHFJHA@?$AAc?$AAs?$AA?9?$AAC?$AAZ?$AA?$AA@ 000000018000f598     libucrt:lcidtoname_downlevel.obj
 0002:000035a8       ??_C@_1M@CLPEOBGI@?$AAd?$AAa?$AA?9?$AAD?$AAK?$AA?$AA@ 000000018000f5a8     libucrt:lcidtoname_downlevel.obj
 0002:000035b8       ??_C@_1M@MCMADGCB@?$AAd?$AAe?$AA?9?$AAD?$AAE?$AA?$AA@ 000000018000f5b8     libucrt:lcidtoname_downlevel.obj
 0002:000035c8       ??_C@_1M@OOCKEMAM@?$AAe?$AAl?$AA?9?$AAG?$AAR?$AA?$AA@ 000000018000f5c8     libucrt:lcidtoname_downlevel.obj
 0002:000035d8       ??_C@_1M@DDNJFGID@?$AAf?$AAi?$AA?9?$AAF?$AAI?$AA?$AA@ 000000018000f5d8     libucrt:lcidtoname_downlevel.obj
 0002:000035e8       ??_C@_1M@GLIPPMAC@?$AAf?$AAr?$AA?9?$AAF?$AAR?$AA?$AA@ 000000018000f5e8     libucrt:lcidtoname_downlevel.obj
 0002:000035f8       ??_C@_1M@GFMCHPE@?$AAh?$AAe?$AA?9?$AAI?$AAL?$AA?$AA@ 000000018000f5f8     libucrt:lcidtoname_downlevel.obj
 0002:00003608       ??_C@_1M@MHLPGNKM@?$AAh?$AAu?$AA?9?$AAH?$AAU?$AA?$AA@ 000000018000f608     libucrt:lcidtoname_downlevel.obj
 0002:00003618       ??_C@_1M@LPDDNNPN@?$AAi?$AAs?$AA?9?$AAI?$AAS?$AA?$AA@ 000000018000f618     libucrt:lcidtoname_downlevel.obj
 0002:00003628       ??_C@_1M@MADIPODN@?$AAi?$AAt?$AA?9?$AAI?$AAT?$AA?$AA@ 000000018000f628     libucrt:lcidtoname_downlevel.obj
 0002:00003638       ??_C@_1M@IHBJJGG@?$AAn?$AAl?$AA?9?$AAN?$AAL?$AA?$AA@ 000000018000f638     libucrt:lcidtoname_downlevel.obj
 0002:00003648       ??_C@_1M@EANAGDL@?$AAn?$AAb?$AA?9?$AAN?$AAO?$AA?$AA@ 000000018000f648     libucrt:lcidtoname_downlevel.obj
 0002:00003658       ??_C@_1M@NEIEMEGP@?$AAp?$AAl?$AA?9?$AAP?$AAL?$AA?$AA@ 000000018000f658     libucrt:lcidtoname_downlevel.obj
 0002:00003668       ??_C@_1M@BOCFIGEP@?$AAp?$AAt?$AA?9?$AAB?$AAR?$AA?$AA@ 000000018000f668     libucrt:lcidtoname_downlevel.obj
 0002:00003678       ??_C@_1M@IMPFOPBG@?$AAr?$AAo?$AA?9?$AAR?$AAO?$AA?$AA@ 000000018000f678     libucrt:lcidtoname_downlevel.obj
 0002:00003688       ??_C@_1M@IDNNEJMM@?$AAr?$AAu?$AA?9?$AAR?$AAU?$AA?$AA@ 000000018000f688     libucrt:lcidtoname_downlevel.obj
 0002:00003698       ??_C@_1M@LILEEOGM@?$AAh?$AAr?$AA?9?$AAH?$AAR?$AA?$AA@ 000000018000f698     libucrt:lcidtoname_downlevel.obj
 0002:000036a8       ??_C@_1M@FKIFEHPB@?$AAs?$AAk?$AA?9?$AAS?$AAK?$AA?$AA@ 000000018000f6a8     libucrt:lcidtoname_downlevel.obj
 0002:000036b8       ??_C@_1M@LJMAMNPJ@?$AAs?$AAq?$AA?9?$AAA?$AAL?$AA?$AA@ 000000018000f6b8     libucrt:lcidtoname_downlevel.obj
 0002:000036c8       ??_C@_1M@GIAKDKJK@?$AAs?$AAv?$AA?9?$AAS?$AAE?$AA?$AA@ 000000018000f6c8     libucrt:lcidtoname_downlevel.obj
 0002:000036d8       ??_C@_1M@MKJKIKCL@?$AAt?$AAh?$AA?9?$AAT?$AAH?$AA?$AA@ 000000018000f6d8     libucrt:lcidtoname_downlevel.obj
 0002:000036e8       ??_C@_1M@MFLCCMPB@?$AAt?$AAr?$AA?9?$AAT?$AAR?$AA?$AA@ 000000018000f6e8     libucrt:lcidtoname_downlevel.obj
 0002:000036f8       ??_C@_1M@OIJHDKJN@?$AAu?$AAr?$AA?9?$AAP?$AAK?$AA?$AA@ 000000018000f6f8     libucrt:lcidtoname_downlevel.obj
 0002:00003708       ??_C@_1M@LHIPCIEK@?$AAi?$AAd?$AA?9?$AAI?$AAD?$AA?$AA@ 000000018000f708     libucrt:lcidtoname_downlevel.obj
 0002:00003718       ??_C@_1M@MFMOBGI@?$AAu?$AAk?$AA?9?$AAU?$AAA?$AA?$AA@ 000000018000f718     libucrt:lcidtoname_downlevel.obj
 0002:00003728       ??_C@_1M@OBGLJIPL@?$AAb?$AAe?$AA?9?$AAB?$AAY?$AA?$AA@ 000000018000f728     libucrt:lcidtoname_downlevel.obj
 0002:00003738       ??_C@_1M@BCFAJEAD@?$AAs?$AAl?$AA?9?$AAS?$AAI?$AA?$AA@ 000000018000f738     libucrt:lcidtoname_downlevel.obj
 0002:00003748       ??_C@_1M@FKFFEDDN@?$AAe?$AAt?$AA?9?$AAE?$AAE?$AA?$AA@ 000000018000f748     libucrt:lcidtoname_downlevel.obj
 0002:00003758       ??_C@_1M@KGKKAACI@?$AAl?$AAv?$AA?9?$AAL?$AAV?$AA?$AA@ 000000018000f758     libucrt:lcidtoname_downlevel.obj
 0002:00003768       ??_C@_1M@IFGBIJO@?$AAl?$AAt?$AA?9?$AAL?$AAT?$AA?$AA@ 000000018000f768     libucrt:lcidtoname_downlevel.obj
 0002:00003778       ??_C@_1M@FGEAHEDM@?$AAf?$AAa?$AA?9?$AAI?$AAR?$AA?$AA@ 000000018000f778     libucrt:lcidtoname_downlevel.obj
 0002:00003788       ??_C@_1M@KBMAIBFN@?$AAv?$AAi?$AA?9?$AAV?$AAN?$AA?$AA@ 000000018000f788     libucrt:lcidtoname_downlevel.obj
 0002:00003798       ??_C@_1M@GPCBKDJK@?$AAh?$AAy?$AA?9?$AAA?$AAM?$AA?$AA@ 000000018000f798     libucrt:lcidtoname_downlevel.obj
 0002:000037a8       ??_C@_1BG@BECMDDJB@?$AAa?$AAz?$AA?9?$AAA?$AAZ?$AA?9?$AAL?$AAa?$AAt?$AAn?$AA?$AA@ 000000018000f7a8     libucrt:lcidtoname_downlevel.obj
[...]
 0004:000006c0       $pdata$?setSBUpLow@@YAXPEAU__crt_multibyte_data@@@Z 00000001800186c0     libucrt:mbctype.obj
 0004:000006cc       $pdata$?setmbcp_internal@@YAHH_NQEAU__acrt_ptd@@QEAPEAU__crt_multibyte_data@@@Z 00000001800186cc     libucrt:mbctype.obj
 0004:000006d8       $pdata$?update_thread_multibyte_data_internal@@YAPEAU__crt_multibyte_data@@QEAU__acrt_ptd@@QEAU1@@Z 00000001800186d8     libucrt:mbctype.obj
 0004:000006e4       $pdata$__acrt_initialize_multibyte 00000001800186e4     libucrt:mbctype.obj
 0004:000006f0       $pdata$__acrt_update_thread_multibyte_data 00000001800186f0     libucrt:mbctype.obj
 0004:000006fc       $pdata$_setmbcp_nolock     00000001800186fc     libucrt:mbctype.obj
 0004:00000708       $pdata$?x_ismbbtype_l@@YAHPEAU__crt_locale_pointers@@IHH@Z 0000000180018708     libucrt:ismbbyte.obj
 0004:00000714       $pdata$__acrt_initialize_command_line 0000000180018714     libucrt:argv_data.obj
 0004:00000720       $pdata$__dcrt_get_narrow_environment_from_os 0000000180018720     libucrt:get_environment_from_os.obj
 0004:0000072c       $pdata$_recalloc_base      000000018001872c     libucrt:recalloc.obj
 0004:00000738       $pdata$?try_get_function@@YAPEAXW4function_id@?A0x391cf84c@@QEBDQEBW4module_id@2@2@Z 0000000180018738     libucrt:winapi_thunks.obj
 0004:00000744       $pdata$__acrt_AppPolicyGetProcessTerminationMethodInternal 0000000180018744     libucrt:winapi_thunks.obj
 0004:00000750       $pdata$__acrt_FlsAlloc     0000000180018750     libucrt:winapi_thunks.obj
 0004:0000075c       $pdata$__acrt_FlsFree      000000018001875c     libucrt:winapi_thunks.obj
 0004:00000768       $pdata$__acrt_FlsGetValue  0000000180018768     libucrt:winapi_thunks.obj
 0004:00000774       $pdata$__acrt_FlsSetValue  0000000180018774     libucrt:winapi_thunks.obj
 0004:00000780       $pdata$__acrt_InitializeCriticalSectionEx 0000000180018780     libucrt:winapi_thunks.obj
 0004:0000078c       $pdata$__acrt_LCMapStringEx 000000018001878c     libucrt:winapi_thunks.obj
 0004:00000798       $pdata$__acrt_LocaleNameToLCID 0000000180018798     libucrt:winapi_thunks.obj
 0004:000007a4       $pdata$__acrt_initialize_winapi_thunks 00000001800187a4     libucrt:winapi_thunks.obj
 0004:000007b0       $pdata$__acrt_uninitialize_winapi_thunks 00000001800187b0     libucrt:winapi_thunks.obj
 0004:000007bc       $pdata$__acrt_initialize_heap 00000001800187bc     libucrt:heap_handle.obj
 0004:000007c8       $pdata$?initialize_inherited_file_handles_nolock@@YAXXZ 00000001800187c8     libucrt:ioinit.obj
 0004:000007d4       $pdata$?initialize_stdio_handles_nolock@@YAXXZ 00000001800187d4     libucrt:ioinit.obj
 0004:000007e0       $pdata$__acrt_initialize_lowio 00000001800187e0     libucrt:ioinit.obj
 0004:000007ec       $pdata$__acrt_uninitialize_lowio 00000001800187ec     libucrt:ioinit.obj
 0004:000007f8       $pdata$__acrt_execute_initializers 00000001800187f8     libucrt:shared_initialization.obj
 0004:00000804       $pdata$__acrt_execute_uninitializers 0000000180018804     libucrt:shared_initialization.obj
 0004:00000810       $pdata$??$?RV<lambda_450d765d439847d4c735a33c368b5fc0>@@AEAV<lambda_44731a7d0e6d81c3e6aa82d741081786>@@V<lambda_601a2a7da3b7a96e9554ac7215c4b07c>@@@?$__crt_seh_guarded_call@P6AXH@Z@@QEAAP6AXH@Z$$QEAV<lambda_450d765d439847d4c735a33c368b5fc0>@@AEAV<lambda_44731a7d0e6d81c3e6aa82d741081786>@@$$QEAV<lambda_601a2a7da3b7a96e9554ac7215c4b07c>@@@Z 0000000180018810     libucrt:signal.obj
 0004:0000081c       $pdata$__acrt_get_sigabrt_handler 000000018001881c     libucrt:signal.obj
 0004:00000828       $pdata$raise               0000000180018828     libucrt:signal.obj
 0004:00000834       $pdata$_mbtowc_l           0000000180018834     libucrt:mbtowc.obj
 0004:00000840       $pdata$_fileno             0000000180018840     libucrt:fileno.obj
 0004:0000084c       $pdata$__acrt_initialize_stdio 000000018001884c     libucrt:_file.obj
 0004:00000858       $pdata$__acrt_uninitialize_stdio 0000000180018858     libucrt:_file.obj
 0004:00000864       $pdata$__pctype_func       0000000180018864     libucrt:ctype.obj
 0004:00000870       $pdata$_isleadbyte_l       0000000180018870     libucrt:_wctype.obj
 0004:0000087c       $pdata$?__acrt_LCMapStringA_stat@@YAHPEAU__crt_locale_pointers@@PEB_WKPEBDHPEADHHH@Z 000000018001887c     libucrt:lcmapstringa.obj
 0004:00000888       $pdata$__acrt_LCMapStringA 0000000180018888     libucrt:lcmapstringa.obj
 0004:00000894       $pdata$__acrt_free_locale  0000000180018894     libucrt:locale_refcounting.obj
 0004:000008a0       $pdata$__acrt_locale_free_lc_time_if_unreferenced 00000001800188a0     libucrt:locale_refcounting.obj
 0004:000008ac       $pdata$__acrt_release_locale_ref 00000001800188ac     libucrt:locale_refcounting.obj
 0004:000008b8       $pdata$__acrt_update_thread_locale_data 00000001800188b8     libucrt:locale_refcounting.obj
 0004:000008c4       $pdata$_updatetlocinfoEx_nolock 00000001800188c4     libucrt:locale_refcounting.obj
 0004:000008d0       $pdata$__acrt_locale_free_monetary 00000001800188d0     libucrt:initmon.obj
 0004:000008dc       $pdata$__acrt_locale_free_numeric 00000001800188dc     libucrt:initnum.obj
 0004:000008e8       $pdata$?free_crt_array_internal@@YAXQEAPEBX_K@Z 00000001800188e8     libucrt:inittime.obj
 0004:000008f4       $pdata$__acrt_locale_free_time 00000001800188f4     libucrt:inittime.obj
 0004:00000900       $pdata$__acrt_GetStringTypeA 0000000180018900     libucrt:getstringtypea.obj
 0004:0000090c       $pdata$?shortsort@@YAXPEAD0_KP6AHPEBX2@Z@Z 000000018001890c     libucrt:qsort.obj
 0004:00000918       $pdata$2$?shortsort@@YAXPEAD0_KP6AHPEBX2@Z@Z 0000000180018918     libucrt:qsort.obj
 0004:00000924       $pdata$3$?shortsort@@YAXPEAD0_KP6AHPEBX2@Z@Z 0000000180018924     libucrt:qsort.obj
 0004:00000930       $pdata$qsort               0000000180018930     libucrt:qsort.obj
 0004:0000093c       $pdata$4$qsort             000000018001893c     libucrt:qsort.obj
 0004:00000948       $pdata$5$qsort             0000000180018948     libucrt:qsort.obj
 0004:00000954       $pdata$strncpy_s           0000000180018954     libucrt:strncpy_s.obj
 0004:00000960       $pdata$strpbrk             0000000180018960     libucrt:strpbrk.obj
 0004:0000096c       $pdata$_mbsdec_l           000000018001896c     libucrt:mbsdec.obj
 0004:00000978       $pdata$?initialize_multibyte@@YAHXZ 0000000180018978     libucrt:multibyte_initializer.obj
 0004:00000984       $pdata$_msize_base         0000000180018984     libucrt:msize.obj
 0004:00000990       $pdata$_realloc_base       0000000180018990     libucrt:realloc_base.obj
 0004:0000099c       $pdata$?GetTableIndexFromLocaleName@@YAHPEB_W@Z 000000018001899c     libucrt:lcidtoname_downlevel.obj
 0004:000009a8       $pdata$__acrt_DownlevelLocaleNameToLCID 00000001800189a8     libucrt:lcidtoname_downlevel.obj
 0004:000009b4       $pdata$__acrt_lowio_create_handle_array 00000001800189b4     libucrt:osfinfo.obj
 0004:000009c0       $pdata$__acrt_lowio_destroy_handle_array 00000001800189c0     libucrt:osfinfo.obj
 0004:000009cc       $pdata$__acrt_lowio_ensure_fh_exists 00000001800189cc     libucrt:osfinfo.obj
 0004:000009d8       $pdata$_free_osfhnd        00000001800189d8     libucrt:osfinfo.obj
 0004:000009e4       $pdata$_get_osfhandle      00000001800189e4     libucrt:osfinfo.obj
 0004:000009f0       $pdata$_isatty             00000001800189f0     libucrt:isatty.obj
 0004:000009fc       $pdata$??$?RV<lambda_842d9ff0dc9ef11c61343bbaebe7f885>@@AEAV<lambda_c5860995281e5c4ce005b3de8f5874ee>@@V<lambda_d90129c13df834fdcbf8d2b88dafcf2d>@@@?$__crt_seh_guarded_call@X@@QEAAX$$QEAV<lambda_842d9ff0dc9ef11c61343bbaebe7f885>@@AEAV<lambda_c5860995281e5c4ce005b3de8f5874ee>@@$$QEAV<lambda_d90129c13df834fdcbf8d2b88dafcf2d>@@@Z 00000001800189fc     libucrt:fflush.obj
 0004:00000a08       $pdata$??$?RV<lambda_886d6c58226a84441f68b9f2b8217b83>@@AEAV<lambda_ab61a845afdef5b7c387490eaf3616ee>@@V<lambda_f7f22ab5edc0698d5f6905b0d3f44752>@@@?$__crt_seh_guarded_call@X@@QEAAX$$QEAV<lambda_886d6c58226a84441f68b9f2b8217b83>@@AEAV<lambda_ab61a845afdef5b7c387490eaf3616ee>@@$$QEAV<lambda_f7f22ab5edc0698d5f6905b0d3f44752>@@@Z 0000000180018a08     libucrt:fflush.obj
 0004:00000a14       $pdata$?common_flush_all@@YAH_N@Z 0000000180018a14     libucrt:fflush.obj
 0004:00000a20       $pdata$__acrt_stdio_flush_nolock 0000000180018a20     libucrt:fflush.obj
 0004:00000a2c       $pdata$_fflush_nolock      0000000180018a2c     libucrt:fflush.obj
 0004:00000a38       $pdata$_fcloseall          0000000180018a38     libucrt:closeall.obj
 0004:00000a44       $pdata$__acrt_stdio_free_buffer_nolock 0000000180018a44     libucrt:_freebuf.obj
 0004:00000a50       $pdata$??$?RV<lambda_a37b2b86f63e897a80ea819b0eb08c01>@@AEAV<lambda_38ce7e780aa69e748d6df282ebc68efe>@@V<lambda_99fb1378e971ab6e7edea83e3a7a83a2>@@@?$__crt_seh_guarded_call@H@@QEAAH$$QEAV<lambda_a37b2b86f63e897a80ea819b0eb08c01>@@AEAV<lambda_38ce7e780aa69e748d6df282ebc68efe>@@$$QEAV<lambda_99fb1378e971ab6e7edea83e3a7a83a2>@@@Z 0000000180018a50     libucrt:commit.obj
 0004:00000a5c       $pdata$_commit             0000000180018a5c     libucrt:commit.obj
 0004:00000a68       $pdata$?write_double_translated_ansi_nolock@@YA?AUwrite_result@?A0x17268360@@HQEBDI@Z 0000000180018a68     libucrt:write.obj
 0004:00000a74       $pdata$?write_requires_double_translation_nolock@@YA_NH@Z 0000000180018a74     libucrt:write.obj
 0004:00000a80       $pdata$?write_text_ansi_nolock@@YA?AUwrite_result@?A0x17268360@@HQEBDI@Z 0000000180018a80     libucrt:write.obj
 0004:00000a8c       $pdata$?write_text_utf16le_nolock@@YA?AUwrite_result@?A0x17268360@@HQEBDI@Z 0000000180018a8c     libucrt:write.obj
 0004:00000a98       $pdata$?write_text_utf8_nolock@@YA?AUwrite_result@?A0x17268360@@HQEBDI@Z 0000000180018a98     libucrt:write.obj
 0004:00000aa4       $pdata$_write              0000000180018aa4     libucrt:write.obj
 0004:00000ab0       $pdata$_write_nolock       0000000180018ab0     libucrt:write.obj
 0004:00000ac8       $pdata$??$common_lseek_nolock@_J@@YA_JH_JH@Z 0000000180018ac8     libucrt:lseek.obj
 0004:00000ad4       $pdata$_fclose_nolock      0000000180018ad4     libucrt:fclose.obj
 0004:00000ae0       $pdata$fclose              0000000180018ae0     libucrt:fclose.obj
 0004:00000aec       $pdata$_putwch_nolock      0000000180018aec     libucrt:putwch.obj
 0004:00000af8       $pdata$_call_matherr       0000000180018af8     libucrt:libm_error.obj
 0004:00000b04       $pdata$_exception_enabled  0000000180018b04     libucrt:libm_error.obj
 0004:00000b10       $pdata$_handle_error       0000000180018b10     libucrt:libm_error.obj
 0004:00000b1c       $pdata$__acrt_initialize_fma3 0000000180018b1c     libucrt:fma3_available.obj
 0004:00000b28       $pdata$_log10_special      0000000180018b28     libucrt:log_special.obj
 0004:00000b34       $pdata$_log_special_common 0000000180018b34     libucrt:log_special.obj
 0004:00000b40       $pdata$??$?RV<lambda_751a882b2c74d4b022dec766aa51a29a>@@AEAV<lambda_628dfdc04ba53c8bfc02c9951375f3f5>@@V<lambda_f6c7be5f7998530c34de24c7437d6b54>@@@?$__crt_seh_guarded_call@H@@QEAAH$$QEAV<lambda_751a882b2c74d4b022dec766aa51a29a>@@AEAV<lambda_628dfdc04ba53c8bfc02c9951375f3f5>@@$$QEAV<lambda_f6c7be5f7998530c34de24c7437d6b54>@@@Z 0000000180018b40     libucrt:close.obj
 0004:00000b4c       $pdata$_close              0000000180018b4c     libucrt:close.obj
 0004:00000b58       $pdata$_close_nolock       0000000180018b58     libucrt:close.obj
 0004:00000b64       $pdata$__dcrt_lowio_ensure_console_output_initialized 0000000180018b64     libucrt:initcon.obj
 0004:00000b70       $pdata$__dcrt_terminate_console_output 0000000180018b70     libucrt:initcon.obj
 0004:00000b7c       $pdata$__dcrt_write_console_w 0000000180018b7c     libucrt:initcon.obj
 0004:00000b94       $pdata$_raise_exc          0000000180018b94     libucrt:fpexcept.obj
 0004:00000ba0       $pdata$_raise_exc_ex       0000000180018ba0     libucrt:fpexcept.obj
 0004:00000bac       $pdata$_set_errno_from_matherr 0000000180018bac     libucrt:fpexcept.obj
 0004:00000bb8       $pdata$_clrfp              0000000180018bb8     libucrt:fpctrl.obj
 0004:00000bc4       $pdata$_ctrlfp             0000000180018bc4     libucrt:fpctrl.obj
 0004:00000bd0       $pdata$_set_statfp         0000000180018bd0     libucrt:fpctrl.obj
 0004:00000bdc       $pdata$_statfp             0000000180018bdc     libucrt:fpctrl.obj
 0004:00000be8       $pdata$_IsNonwritableInCurrentImage 0000000180018be8     LIBCMT:pesect.obj
 0004:00000bf4       $pdata$__GSHandlerCheck    0000000180018bf4     LIBCMT:_gshandler_.obj
 0004:00000c00       $pdata$__GSHandlerCheckCommon 0000000180018c00     LIBCMT:_gshandler_.obj
 0004:00000c3c       $pdata$?fin$0@?0??dllmain_crt_process_attach@@YAHQEAUHINSTANCE__@@QEAX@Z@4HA 0000000180018c3c     LIBCMT:dll_dllmain.obj
 0004:00000c48       $pdata$?fin$0@?0??dllmain_crt_process_detach@@YAH_N@Z@4HA 0000000180018c48     LIBCMT:dll_dllmain.obj
 0004:00000c54       $pdata$?filt$0@?0??dllmain_dispatch@@YAHQEAUHINSTANCE__@@KQEAX@Z@4HA 0000000180018c54     LIBCMT:dll_dllmain.obj
 0004:00000c60       $pdata$__scrt_is_nonwritable_in_current_image$filt$0 0000000180018c60     LIBCMT:utility.obj
 0004:00000c6c       $pdata$_query_new_handler$fin$0 0000000180018c6c     libucrt:new_handler.obj
 0004:00000c78       $pdata$?filt$0@?0???R<lambda_6e4b09c48022b2350581041d5f6b0c4c>@@QEBA@XZ@4HA 0000000180018c78     libucrt:exit.obj
 0004:00000c84       $pdata$?fin$0@?0???$?RV<lambda_2d41944a1d46af3157314b8a01080d33>@@AEAV<lambda_8f455de75cd7d7f24b4096f044d8b9e6>@@V<lambda_aa500f224e6afead328df44964fe2772>@@@?$__crt_seh_guarded_call@X@@QEAAX$$QEAV<lambda_2d41944a1d46af3157314b8a01080d33>@@AEAV<lambda_8f455de75cd7d7f24b4096f044d8b9e6>@@$$QEAV<lambda_aa500f224e6afead328df44964fe2772>@@@Z@4HA 0000000180018c84     libucrt:per_thread_data.obj
 0004:00000c84       $pdata$?fin$0@?0???$?RV<lambda_7777bce6b2f8c936911f934f8298dc43>@@AEAV<lambda_f03950bc5685219e0bcd2087efbe011e>@@V<lambda_3883c3dff614d5e0c5f61bb1ac94921c>@@@?$__crt_seh_guarded_call@H@@QEAAH$$QEAV<lambda_7777bce6b2f8c936911f934f8298dc43>@@AEAV<lambda_f03950bc5685219e0bcd2087efbe011e>@@$$QEAV<lambda_3883c3dff614d5e0c5f61bb1ac94921c>@@@Z@4HA 0000000180018c84     libucrt:onexit.obj
 0004:00000c84       $pdata$?fin$0@?0???$?RV<lambda_efdfa57d1f175319df784efa44bb7b81>@@AEAV<lambda_5f0a4c1567f8adc6734073e5d1e1b35c>@@V<lambda_2e8a7d3640ea6ccb4c2413664c2db6fd>@@@?$__crt_seh_guarded_call@X@@QEAAX$$QEAV<lambda_efdfa57d1f175319df784efa44bb7b81>@@AEAV<lambda_5f0a4c1567f8adc6734073e5d1e1b35c>@@$$QEAV<lambda_2e8a7d3640ea6ccb4c2413664c2db6fd>@@@Z@4HA 0000000180018c84     libucrt:mbctype.obj
 0004:00000c84       $pdata$?fin$0@?0???$?RV<lambda_0ae27a3a962d80f24befdcbee591983d>@@AEAV<lambda_8d0ee55de4b1038c4002e0adecdf1839>@@V<lambda_dc504788e8f1664fe9b84e20bfb512f2>@@@?$__crt_seh_guarded_call@X@@QEAAX$$QEAV<lambda_0ae27a3a962d80f24befdcbee591983d>@@AEAV<lambda_8d0ee55de4b1038c4002e0adecdf1839>@@$$QEAV<lambda_dc504788e8f1664fe9b84e20bfb512f2>@@@Z@4HA 0000000180018c84     libucrt:per_thread_data.obj
 0004:00000c84       $pdata$?fin$0@?0???$?RV<lambda_aa87e3671a710a21b5dc78c0bdf72e11>@@AEAV<lambda_92619d2358a28f41a33ba319515a20b9>@@V<lambda_6992ecaafeb10aed2b74cb1fae11a551>@@@?$__crt_seh_guarded_call@X@@QEAAX$$QEAV<lambda_aa87e3671a710a21b5dc78c0bdf72e11>@@AEAV<lambda_92619d2358a28f41a33ba319515a20b9>@@$$QEAV<lambda_6992ecaafeb10aed2b74cb1fae11a551>@@@Z@4HA 0000000180018c84     libucrt:per_thread_data.obj
 0004:00000c84       $pdata$?fin$0@?0???$?RV<lambda_f2e299630e499de9f9a165e60fcd3db5>@@AEAV<lambda_2ae9d31cdba2644fcbeaf08da7c24588>@@V<lambda_40d01ff24d0e7b3814fdbdcee8eab3c7>@@@?$__crt_seh_guarded_call@X@@QEAAX$$QEAV<lambda_f2e299630e499de9f9a165e60fcd3db5>@@AEAV<lambda_2ae9d31cdba2644fcbeaf08da7c24588>@@$$QEAV<lambda_40d01ff24d0e7b3814fdbdcee8eab3c7>@@@Z@4HA 0000000180018c84     libucrt:per_thread_data.obj
 0004:00000c84       $pdata$?fin$0@?0???$?RV<lambda_d80eeec6fff315bfe5c115232f3240e3>@@AEAV<lambda_6e4b09c48022b2350581041d5f6b0c4c>@@V<lambda_2358e3775559c9db80273638284d5e45>@@@?$__crt_seh_guarded_call@X@@QEAAX$$QEAV<lambda_d80eeec6fff315bfe5c115232f3240e3>@@AEAV<lambda_6e4b09c48022b2350581041d5f6b0c4c>@@$$QEAV<lambda_2358e3775559c9db80273638284d5e45>@@@Z@4HA 0000000180018c84     libucrt:exit.obj
 0004:00000c84       $pdata$?fin$0@?0???$?RV<lambda_450d765d439847d4c735a33c368b5fc0>@@AEAV<lambda_44731a7d0e6d81c3e6aa82d741081786>@@V<lambda_601a2a7da3b7a96e9554ac7215c4b07c>@@@?$__crt_seh_guarded_call@P6AXH@Z@@QEAAP6AXH@Z$$QEAV<lambda_450d765d439847d4c735a33c368b5fc0>@@AEAV<lambda_44731a7d0e6d81c3e6aa82d741081786>@@$$QEAV<lambda_601a2a7da3b7a96e9554ac7215c4b07c>@@@Z@4HA 0000000180018c84     libucrt:signal.obj
 0004:00000c90       $pdata$?fin$0@?0???$?RV<lambda_410d79af7f07d98d83a3f525b3859a53>@@AEAV<lambda_3e16ef9562a7dcce91392c22ab16ea36>@@V<lambda_38119f0e861e05405d8a144b9b982f0a>@@@?$__crt_seh_guarded_call@X@@QEAAX$$QEAV<lambda_410d79af7f07d98d83a3f525b3859a53>@@AEAV<lambda_3e16ef9562a7dcce91392c22ab16ea36>@@$$QEAV<lambda_38119f0e861e05405d8a144b9b982f0a>@@@Z@4HA 0000000180018c90     libucrt:wsetlocale.obj
 0004:00000c9c       $pdata$?fin$0@?0??update_thread_multibyte_data_internal@@YAPEAU__crt_multibyte_data@@QEAU__acrt_ptd@@QEAU1@@Z@4HA 0000000180018c9c     libucrt:mbctype.obj
 0004:00000ca8       $pdata$raise$fin$0         0000000180018ca8     libucrt:signal.obj
 0004:00000cb4       $pdata$__acrt_update_thread_locale_data$fin$0 0000000180018cb4     libucrt:locale_refcounting.obj
 0004:00000cc0       $pdata$__acrt_initialize_lowio$fin$0 0000000180018cc0     libucrt:ioinit.obj
 0004:00000cc0       $pdata$__acrt_lowio_ensure_fh_exists$fin$0 0000000180018cc0     libucrt:osfinfo.obj
 0004:00000ccc       $pdata$?fin$0@?0???$?RV<lambda_842d9ff0dc9ef11c61343bbaebe7f885>@@AEAV<lambda_c5860995281e5c4ce005b3de8f5874ee>@@V<lambda_d90129c13df834fdcbf8d2b88dafcf2d>@@@?$__crt_seh_guarded_call@X@@QEAAX$$QEAV<lambda_842d9ff0dc9ef11c61343bbaebe7f885>@@AEAV<lambda_c5860995281e5c4ce005b3de8f5874ee>@@$$QEAV<lambda_d90129c13df834fdcbf8d2b88dafcf2d>@@@Z@4HA 0000000180018ccc     libucrt:fflush.obj
 0004:00000cd8       $pdata$?fin$0@?0???$?RV<lambda_886d6c58226a84441f68b9f2b8217b83>@@AEAV<lambda_ab61a845afdef5b7c387490eaf3616ee>@@V<lambda_f7f22ab5edc0698d5f6905b0d3f44752>@@@?$__crt_seh_guarded_call@X@@QEAAX$$QEAV<lambda_886d6c58226a84441f68b9f2b8217b83>@@AEAV<lambda_ab61a845afdef5b7c387490eaf3616ee>@@$$QEAV<lambda_f7f22ab5edc0698d5f6905b0d3f44752>@@@Z@4HA 0000000180018cd8     libucrt:fflush.obj
 0004:00000ce4       $pdata$_fcloseall$fin$0    0000000180018ce4     libucrt:closeall.obj
 0004:00000cf0       $pdata$?fin$0@?0???$?RV<lambda_a37b2b86f63e897a80ea819b0eb08c01>@@AEAV<lambda_38ce7e780aa69e748d6df282ebc68efe>@@V<lambda_99fb1378e971ab6e7edea83e3a7a83a2>@@@?$__crt_seh_guarded_call@H@@QEAAH$$QEAV<lambda_a37b2b86f63e897a80ea819b0eb08c01>@@AEAV<lambda_38ce7e780aa69e748d6df282ebc68efe>@@$$QEAV<lambda_99fb1378e971ab6e7edea83e3a7a83a2>@@@Z@4HA 0000000180018cf0     libucrt:commit.obj
 0004:00000cf0       $pdata$?fin$0@?0???$?RV<lambda_751a882b2c74d4b022dec766aa51a29a>@@AEAV<lambda_628dfdc04ba53c8bfc02c9951375f3f5>@@V<lambda_f6c7be5f7998530c34de24c7437d6b54>@@@?$__crt_seh_guarded_call@H@@QEAAH$$QEAV<lambda_751a882b2c74d4b022dec766aa51a29a>@@AEAV<lambda_628dfdc04ba53c8bfc02c9951375f3f5>@@$$QEAV<lambda_f6c7be5f7998530c34de24c7437d6b54>@@@Z@4HA 0000000180018cf0     libucrt:close.obj
 0004:00000cfc       $pdata$_write$fin$0        0000000180018cfc     libucrt:write.obj
 0004:00000d08       $pdata$fclose$fin$0        0000000180018d08     libucrt:fclose.obj
 0004:00000d14       $pdata$_ctrlfp$filt$0      0000000180018d14     libucrt:fpctrl.obj
 0004:00000d20       $pdata$_IsNonwritableInCurrentImage$filt$0 0000000180018d20     LIBCMT:pesect.obj
 0005:00000060       $R000000                   0000000180019060     * linker generated manifest res *

 Exports

  ordinal    name

        1    _register_addon_
